Component: ARM Compiler 5.06 update 7 (build 960) Tool: armlink [4d3601]

==============================================================================

Section Cross References

    startup_stm32f103xe.o(STACK) refers (Special) to heapauxi.o(.text) for __use_two_region_memory
    startup_stm32f103xe.o(HEAP) refers (Special) to heapauxi.o(.text) for __use_two_region_memory
    startup_stm32f103xe.o(RESET) refers (Special) to heapauxi.o(.text) for __use_two_region_memory
    startup_stm32f103xe.o(RESET) refers to startup_stm32f103xe.o(STACK) for __initial_sp
    startup_stm32f103xe.o(RESET) refers to startup_stm32f103xe.o(.text) for Reset_Handler
    startup_stm32f103xe.o(RESET) refers to stm32f1xx_it.o(i.NMI_Handler) for NMI_Handler
    startup_stm32f103xe.o(RESET) refers to stm32f1xx_it.o(i.HardFault_Handler) for HardFault_Handler
    startup_stm32f103xe.o(RESET) refers to stm32f1xx_it.o(i.MemManage_Handler) for MemManage_Handler
    startup_stm32f103xe.o(RESET) refers to stm32f1xx_it.o(i.BusFault_Handler) for BusFault_Handler
    startup_stm32f103xe.o(RESET) refers to stm32f1xx_it.o(i.UsageFault_Handler) for UsageFault_Handler
    startup_stm32f103xe.o(RESET) refers to port.o(.emb_text) for SVC_Handler
    startup_stm32f103xe.o(RESET) refers to stm32f1xx_it.o(i.DebugMon_Handler) for DebugMon_Handler
    startup_stm32f103xe.o(RESET) refers to port.o(i.SysTick_Handler) for SysTick_Handler
    startup_stm32f103xe.o(RESET) refers to stm32f1xx_it.o(i.TIM1_BRK_IRQHandler) for TIM1_BRK_IRQHandler
    startup_stm32f103xe.o(RESET) refers to stm32f1xx_it.o(i.TIM1_UP_IRQHandler) for TIM1_UP_IRQHandler
    startup_stm32f103xe.o(RESET) refers to stm32f1xx_it.o(i.TIM1_TRG_COM_IRQHandler) for TIM1_TRG_COM_IRQHandler
    startup_stm32f103xe.o(RESET) refers to stm32f1xx_it.o(i.TIM1_CC_IRQHandler) for TIM1_CC_IRQHandler
    startup_stm32f103xe.o(RESET) refers to stm32f1xx_it.o(i.TIM4_IRQHandler) for TIM4_IRQHandler
    startup_stm32f103xe.o(RESET) refers to stm32f1xx_it.o(i.USART1_IRQHandler) for USART1_IRQHandler
    startup_stm32f103xe.o(RESET) refers to stm32f1xx_it.o(i.EXTI15_10_IRQHandler) for EXTI15_10_IRQHandler
    startup_stm32f103xe.o(.text) refers (Special) to heapauxi.o(.text) for __use_two_region_memory
    startup_stm32f103xe.o(.text) refers to system_stm32f1xx.o(i.SystemInit) for SystemInit
    startup_stm32f103xe.o(.text) refers to __main.o(!!!main) for __main
    startup_stm32f103xe.o(.text) refers to startup_stm32f103xe.o(HEAP) for Heap_Mem
    startup_stm32f103xe.o(.text) refers to startup_stm32f103xe.o(STACK) for Stack_Mem
    main.o(i.HAL_TIM_PeriodElapsedCallback) refers to stm32f1xx_hal.o(i.HAL_IncTick) for HAL_IncTick
    main.o(i.SystemClock_Config) refers to rt_memclr_w.o(.text) for __aeabi_memclr4
    main.o(i.SystemClock_Config) refers to stm32f1xx_hal_rcc.o(i.HAL_RCC_OscConfig) for HAL_RCC_OscConfig
    main.o(i.SystemClock_Config) refers to stm32f1xx_hal_rcc.o(i.HAL_RCC_ClockConfig) for HAL_RCC_ClockConfig
    main.o(i.SystemClock_Config) refers to stm32f1xx_hal_rcc_ex.o(i.HAL_RCCEx_PeriphCLKConfig) for HAL_RCCEx_PeriphCLKConfig
    main.o(i.main) refers to stm32f1xx_hal.o(i.HAL_Init) for HAL_Init
    main.o(i.main) refers to main.o(i.SystemClock_Config) for SystemClock_Config
    main.o(i.main) refers to gpio.o(i.MX_GPIO_Init) for MX_GPIO_Init
    main.o(i.main) refers to i2c.o(i.MX_I2C1_Init) for MX_I2C1_Init
    main.o(i.main) refers to tim.o(i.MX_TIM1_Init) for MX_TIM1_Init
    main.o(i.main) refers to usart.o(i.MX_USART1_UART_Init) for MX_USART1_UART_Init
    main.o(i.main) refers to adc.o(i.MX_ADC1_Init) for MX_ADC1_Init
    main.o(i.main) refers to spi.o(i.MX_SPI2_Init) for MX_SPI2_Init
    main.o(i.main) refers to cmsis_os2.o(i.osKernelInitialize) for osKernelInitialize
    main.o(i.main) refers to freertos.o(i.MX_FREERTOS_Init) for MX_FREERTOS_Init
    main.o(i.main) refers to cmsis_os2.o(i.osKernelStart) for osKernelStart
    gpio.o(i.MX_GPIO_Init) refers to stm32f1xx_hal_gpio.o(i.HAL_GPIO_WritePin) for HAL_GPIO_WritePin
    gpio.o(i.MX_GPIO_Init) refers to stm32f1xx_hal_gpio.o(i.HAL_GPIO_Init) for HAL_GPIO_Init
    gpio.o(i.MX_GPIO_Init) refers to stm32f1xx_hal_cortex.o(i.HAL_NVIC_SetPriority) for HAL_NVIC_SetPriority
    gpio.o(i.MX_GPIO_Init) refers to stm32f1xx_hal_cortex.o(i.HAL_NVIC_EnableIRQ) for HAL_NVIC_EnableIRQ
    freertos.o(i.DHT11_task) refers to driver_dht11.o(i.DHT11_Init) for DHT11_Init
    freertos.o(i.DHT11_task) refers to stm32_u8g2.o(i.u8g2Init) for u8g2Init
    freertos.o(i.DHT11_task) refers to driver_dht11.o(i.DHT11_Read) for DHT11_Read
    freertos.o(i.DHT11_task) refers to driver_timer.o(i.mdelay) for mdelay
    freertos.o(i.LightSensor_task) refers to driver_light_sensor.o(i.LightSensor_Test) for LightSensor_Test
    freertos.o(i.MX_FREERTOS_Init) refers to driver_lcd.o(i.LCD_Init) for LCD_Init
    freertos.o(i.MX_FREERTOS_Init) refers to driver_lcd.o(i.LCD_Clear) for LCD_Clear
[...]
    i.prvInsertTimerInActiveList             0x08003978   Section        0  timers.o(i.prvInsertTimerInActiveList)
    prvInsertTimerInActiveList               0x08003979   Thumb Code    52  timers.o(i.prvInsertTimerInActiveList)
    i.prvIsQueueEmpty                        0x080039b0   Section        0  queue.o(i.prvIsQueueEmpty)
    prvIsQueueEmpty                          0x080039b1   Thumb Code    28  queue.o(i.prvIsQueueEmpty)
    i.prvProcessReceivedCommands             0x080039cc   Section        0  timers.o(i.prvProcessReceivedCommands)
    prvProcessReceivedCommands               0x080039cd   Thumb Code   198  timers.o(i.prvProcessReceivedCommands)
    i.prvProcessTimerOrBlockTask             0x08003a98   Section        0  timers.o(i.prvProcessTimerOrBlockTask)
    prvProcessTimerOrBlockTask               0x08003a99   Thumb Code   172  timers.o(i.prvProcessTimerOrBlockTask)
    i.prvResetNextTaskUnblockTime            0x08003b4c   Section        0  tasks.o(i.prvResetNextTaskUnblockTime)
    prvResetNextTaskUnblockTime              0x08003b4d   Thumb Code    26  tasks.o(i.prvResetNextTaskUnblockTime)
    i.prvSampleTimeNow                       0x08003b6c   Section        0  timers.o(i.prvSampleTimeNow)
    prvSampleTimeNow                         0x08003b6d   Thumb Code    36  timers.o(i.prvSampleTimeNow)
    i.prvSwitchTimerLists                    0x08003b94   Section        0  timers.o(i.prvSwitchTimerLists)
    prvSwitchTimerLists                      0x08003b95   Thumb Code   102  timers.o(i.prvSwitchTimerLists)
    i.prvTaskExitError                       0x08003c00   Section        0  port.o(i.prvTaskExitError)
    prvTaskExitError                         0x08003c01   Thumb Code    36  port.o(i.prvTaskExitError)
    i.prvTimerTask                           0x08003c28   Section        0  timers.o(i.prvTimerTask)
    prvTimerTask                             0x08003c29   Thumb Code    32  timers.o(i.prvTimerTask)
    i.prvUnlockQueue                         0x08003c4c   Section        0  queue.o(i.prvUnlockQueue)
    prvUnlockQueue                           0x08003c4d   Thumb Code   106  queue.o(i.prvUnlockQueue)
    i.pvPortMalloc                           0x08003cb8   Section        0  heap_4.o(i.pvPortMalloc)
    i.pxPortInitialiseStack                  0x08003d90   Section        0  port.o(i.pxPortInitialiseStack)
    i.spi_LCD_Clear                          0x08003db4   Section        0  lcd.o(i.spi_LCD_Clear)
    i.spi_LCD_Init                           0x08003e0c   Section        0  lcd.o(i.spi_LCD_Init)
    i.system_get_ns                          0x0800404c   Section        0  driver_timer.o(i.system_get_ns)
    i.uxListRemove                           0x08004090   Section        0  list.o(i.uxListRemove)
    i.vApplicationGetIdleTaskMemory          0x080040b8   Section        0  cmsis_os2.o(i.vApplicationGetIdleTaskMemory)
    i.vApplicationGetTimerTaskMemory         0x080040cc   Section        0  cmsis_os2.o(i.vApplicationGetTimerTaskMemory)
    i.vListInitialise                        0x080040e4   Section        0  list.o(i.vListInitialise)
    i.vListInitialiseItem                    0x080040fa   Section        0  list.o(i.vListInitialiseItem)
    i.vListInsert                            0x08004100   Section        0  list.o(i.vListInsert)
    i.vListInsertEnd                         0x08004130   Section        0  list.o(i.vListInsertEnd)
    i.vPortEnterCritical                     0x08004148   Section        0  port.o(i.vPortEnterCritical)
    i.vPortExitCritical                      0x08004188   Section        0  port.o(i.vPortExitCritical)
    i.vPortFree                              0x080041b0   Section        0  heap_4.o(i.vPortFree)
    i.vPortSetupTimerInterrupt               0x0800420c   Section        0  port.o(i.vPortSetupTimerInterrupt)
    i.vPortValidateInterruptPriority         0x08004230   Section        0  port.o(i.vPortValidateInterruptPriority)
    i.vQueueAddToRegistry                    0x08004284   Section        0  queue.o(i.vQueueAddToRegistry)
    i.vQueueWaitForMessageRestricted         0x080042ac   Section        0  queue.o(i.vQueueWaitForMessageRestricted)
    i.vTaskDelay                             0x080042f0   Section        0  tasks.o(i.vTaskDelay)
    i.vTaskInternalSetTimeOutState           0x0800433c   Section        0  tasks.o(i.vTaskInternalSetTimeOutState)
    i.vTaskMissedYield                       0x0800434c   Section        0  tasks.o(i.vTaskMissedYield)
    i.vTaskPlaceOnEventList                  0x08004358   Section        0  tasks.o(i.vTaskPlaceOnEventList)
    i.vTaskPlaceOnEventListRestricted        0x08004388   Section        0  tasks.o(i.vTaskPlaceOnEventListRestricted)
    i.vTaskStartScheduler                    0x080043c0   Section        0  tasks.o(i.vTaskStartScheduler)
    i.vTaskSuspendAll                        0x08004448   Section        0  tasks.o(i.vTaskSuspendAll)
    i.vTaskSwitchContext                     0x08004458   Section        0  tasks.o(i.vTaskSwitchContext)
    i.xPortStartScheduler                    0x080044bc   Section        0  port.o(i.xPortStartScheduler)
    i.xQueueGenericCreateStatic              0x08004564   Section        0  queue.o(i.xQueueGenericCreateStatic)
    i.xQueueGenericReset                     0x080045cc   Section        0  queue.o(i.xQueueGenericReset)
    i.xQueueGenericSend                      0x08004654   Section        0  queue.o(i.xQueueGenericSend)
    i.xQueueGenericSendFromISR               0x080047b4   Section        0  queue.o(i.xQueueGenericSendFromISR)
    i.xQueueReceive                          0x08004870   Section        0  queue.o(i.xQueueReceive)
    i.xTaskCheckForTimeOut                   0x080049a8   Section        0  tasks.o(i.xTaskCheckForTimeOut)
    i.xTaskCreate                            0x08004a1c   Section        0  tasks.o(i.xTaskCreate)
    i.xTaskCreateStatic                      0x08004a76   Section        0  tasks.o(i.xTaskCreateStatic)
    i.xTaskGetSchedulerState                 0x08004acc   Section        0  tasks.o(i.xTaskGetSchedulerState)
    i.xTaskGetTickCount                      0x08004ae8   Section        0  tasks.o(i.xTaskGetTickCount)
    i.xTaskIncrementTick                     0x08004af4   Section        0  tasks.o(i.xTaskIncrementTick)
    i.xTaskPriorityDisinherit                0x08004bbc   Section        0  tasks.o(i.xTaskPriorityDisinherit)
    i.xTaskRemoveFromEventList               0x08004c3c   Section        0  tasks.o(i.xTaskRemoveFromEventList)
    i.xTaskResumeAll                         0x08004cac   Section        0  tasks.o(i.xTaskResumeAll)
    i.xTimerCreateTimerTask                  0x08004d70   Section        0  timers.o(i.xTimerCreateTimerTask)
    i.xTimerGenericCommand                   0x08004dd0   Section        0  timers.o(i.xTimerGenericCommand)
    .constdata                               0x08004e38   Section       36  freertos.o(.constdata)
    .constdata                               0x08004e5c   Section       18  stm32f1xx_hal_rcc.o(.constdata)
    aPredivFactorTable                       0x08004e5c   Data           2  stm32f1xx_hal_rcc.o(.constdata)
    aPLLMULFactorTable                       0x08004e5e   Data          16  stm32f1xx_hal_rcc.o(.constdata)
    .constdata                               0x08004e6e   Section       16  system_stm32f1xx.o(.constdata)
    .constdata                               0x08004e7e   Section        8  system_stm32f1xx.o(.constdata)
    .constdata                               0x08004e86   Section     2048  driver_oled.o(.constdata)
    .constdata                               0x08005688   Section     6416  spi_lcd_test.o(.constdata)
    .conststring                             0x08006f98   Section       12  freertos.o(.conststring)
    .conststring                             0x08006fa4   Section       55  spi_lcd_test.o(.conststring)
    .data                                    0x20000000   Section        4  freertos.o(.data)
    .data                                    0x20000004   Section       12  stm32f1xx_hal.o(.data)
    .data                                    0x20000010   Section        4  system_stm32f1xx.o(.data)
    .data                                    0x20000014   Section       60  tasks.o(.data)
    pxDelayedTaskList                        0x20000018   Data           4  tasks.o(.data)
    pxOverflowDelayedTaskList                0x2000001c   Data           4  tasks.o(.data)
    uxDeletedTasksWaitingCleanUp             0x20000020   Data           4  tasks.o(.data)
    uxCurrentNumberOfTasks                   0x20000024   Data           4  tasks.o(.data)
    xTickCount                               0x20000028   Data           4  tasks.o(.data)
    uxTopReadyPriority                       0x2000002c   Data           4  tasks.o(.data)
    xSchedulerRunning                        0x20000030   Data           4  tasks.o(.data)
    uxPendedTicks                            0x20000034   Data           4  tasks.o(.data)
    xYieldPending                            0x20000038   Data           4  tasks.o(.data)
    xNumOfOverflows                          0x2000003c   Data           4  tasks.o(.data)
    uxTaskNumber                             0x20000040   Data           4  tasks.o(.data)
    xNextTaskUnblockTime                     0x20000044   Data           4  tasks.o(.data)
    xIdleTaskHandle                          0x20000048   Data           4  tasks.o(.data)
    uxSchedulerSuspended                     0x2000004c   Data           4  tasks.o(.data)
    .data                                    0x20000050   Section       20  timers.o(.data)
    pxCurrentTimerList                       0x20000050   Data           4  timers.o(.data)
    pxOverflowTimerList                      0x20000054   Data           4  timers.o(.data)
    xTimerQueue                              0x20000058   Data           4  timers.o(.data)
    xTimerTaskHandle                         0x2000005c   Data           4  timers.o(.data)
    xLastTime                                0x20000060   Data           4  timers.o(.data)
    .data                                    0x20000064   Section        4  cmsis_os2.o(.data)
    KernelState                              0x20000064   Data           4  cmsis_os2.o(.data)
    .data                                    0x20000068   Section       24  heap_4.o(.data)
    pxEnd                                    0x20000068   Data           4  heap_4.o(.data)
    xFreeBytesRemaining                      0x2000006c   Data           4  heap_4.o(.data)
    xMinimumEverFreeBytesRemaining           0x20000070   Data           4  heap_4.o(.data)
    xBlockAllocatedBit                       0x20000074   Data           4  heap_4.o(.data)
    xStart                                   0x20000078   Data           8  heap_4.o(.data)
    .data                                    0x20000080   Section       12  port.o(.data)
    ucMaxSysCallPriority                     0x20000080   Data           1  port.o(.data)
    uxCriticalNesting                        0x20000084   Data           4  port.o(.data)
    ulMaxPRIGROUPValue                       0x20000088   Data           4  port.o(.data)
    .data                                    0x2000008c   Section        8  driver_oled.o(.data)
    mem_mode                                 0x2000008c   Data           1  driver_oled.o(.data)
    g_pHI2COLED                              0x20000090   Data           4  driver_oled.o(.data)
    .data                                    0x20000094   Section        4  blue_tooth.o(.data)
    .data                                    0x20000098   Section       24  driver_ir_receiver.o(.data)
    g_IRReceiverIRQ_Cnt                      0x20000098   Data           4  driver_ir_receiver.o(.data)
    g_KeysBuf_R                              0x2000009c   Data           4  driver_ir_receiver.o(.data)
    g_KeysBuf_W                              0x200000a0   Data           4  driver_ir_receiver.o(.data)
    pre_time                                 0x200000a8   Data           8  driver_ir_receiver.o(.data)
    .bss                                     0x200000b0   Section       48  adc.o(.bss)
    .bss                                     0x200000e0   Section       84  i2c.o(.bss)
    .bss                                     0x20000134   Section       88  spi.o(.bss)
    .bss                                     0x2000018c   Section       72  tim.o(.bss)
    .bss                                     0x200001d4   Section       72  usart.o(.bss)
    .bss                                     0x2000021c   Section       72  stm32f1xx_hal_timebase_tim.o(.bss)
    .bss                                     0x20000264   Section       64  queue.o(.bss)
    .bss                                     0x200002a4   Section     1220  tasks.o(.bss)
    pxReadyTasksLists                        0x200002a4   Data        1120  tasks.o(.bss)
    xDelayedTaskList1                        0x20000704   Data          20  tasks.o(.bss)
    xDelayedTaskList2                        0x20000718   Data          20  tasks.o(.bss)
    xPendingReadyList                        0x2000072c   Data          20  tasks.o(.bss)
    xTasksWaitingTermination                 0x20000740   Data          20  tasks.o(.bss)
    xSuspendedTaskList                       0x20000754   Data          20  tasks.o(.bss)
    .bss                                     0x20000768   Section      280  timers.o(.bss)
    xActiveTimerList1                        0x20000768   Data          20  timers.o(.bss)
    xActiveTimerList2                        0x2000077c   Data          20  timers.o(.bss)
    xStaticTimerQueue                        0x20000790   Data          80  timers.o(.bss)
    ucStaticTimerQueueStorage                0x200007e0   Data         160  timers.o(.bss)
    .bss                                     0x20000880   Section     1720  cmsis_os2.o(.bss)
    Idle_TCB                                 0x20000880   Data          92  cmsis_os2.o(.bss)
    Idle_Stack                               0x200008dc   Data         512  cmsis_os2.o(.bss)
    Timer_TCB                                0x20000adc   Data          92  cmsis_os2.o(.bss)
    Timer_Stack                              0x20000b38   Data        1024  cmsis_os2.o(.bss)
    .bss                                     0x20000f38   Section     3072  heap_4.o(.bss)
    ucHeap                                   0x20000f38   Data        3072  heap_4.o(.bss)
    .bss                                     0x20001b38   Section      200  blue_tooth.o(.bss)
    .bss                                     0x20001c00   Section      672  driver_ir_receiver.o(.bss)
    g_KeysBuf                                0x20001c00   Data         128  driver_ir_receiver.o(.bss)
    g_IRReceiverIRQ_Timers                   0x20001c80   Data         544  driver_ir_receiver.o(.bss)
    .bss                                     0x20001ea0   Section       14  lcd.o(.bss)
    .bss                                     0x20001eb0   Section       96  libspace.o(.bss)
    HEAP                                     0x20001f10   Section      512  startup_stm32f103xe.o(HEAP)
    Heap_Mem                                 0x20001f10   Data         512  startup_stm32f103xe.o(HEAP)
    STACK                                    0x20002110   Section     1024  startup_stm32f103xe.o(STACK)
    Stack_Mem                                0x20002110   Data        1024  startup_stm32f103xe.o(STACK)
    __initial_sp                             0x20002510   Data           0  startup_stm32f103xe.o(STACK)

    Global Symbols

    Symbol Name                              Value     Ov Type        Size  Object(Section)

    BuildAttributes$$THM_ISAv4$P$D$K$B$S$PE$A:L22UL41UL21$X:L11$S22US41US21$IEEE1$IW$USESV6$~STKCKD$USESV7$~SHL$OTIME$ROPI$EBA8$UX$STANDARDLIB$REQ8$PRES8$EABIv2 0x00000000   Number         0  anon$$obj.o ABSOLUTE
    __ARM_use_no_argv                        0x00000000   Number         0  main.o ABSOLUTE
    __ARM_exceptions_init                     - Undefined Weak Reference
    __alloca_initialize                       - Undefined Weak Reference
    __arm_fini_                               - Undefined Weak Reference
    __arm_preinit_                            - Undefined Weak Reference
    __cpp_initialize__aeabi_                  - Undefined Weak Reference
    __cxa_finalize                            - Undefined Weak Reference
    __rt_locale                               - Undefined Weak Reference
    __sigvec_lookup                           - Undefined Weak Reference
    __user_heap_extent                        - Undefined Weak Reference
    _atexit_init                              - Undefined Weak Reference
    _call_atexit_fns                          - Undefined Weak Reference
    _clock_init                               - Undefined Weak Reference
    _fp_trap_init                             - Undefined Weak Reference
    _fp_trap_shutdown                         - Undefined Weak Reference
    _get_lc_collate                           - Undefined Weak Reference
    _get_lc_ctype                             - Undefined Weak Reference
    _get_lc_monetary                          - Undefined Weak Reference
    _get_lc_numeric                           - Undefined Weak Reference
    _get_lc_time                              - Undefined Weak Reference
    _getenv_init                              - Undefined Weak Reference
    _handle_redirection                       - Undefined Weak Reference
    _initio                                   - Undefined Weak Reference
    _mutex_acquire                            - Undefined Weak Reference
    _mutex_free                               - Undefined Weak Reference
    _mutex_release                            - Undefined Weak Reference
    _printf_post_padding                      - Undefined Weak Reference
    _printf_pre_padding                       - Undefined Weak Reference
    _printf_truncate_signed                   - Undefined Weak Reference
    _printf_truncate_unsigned                 - Undefined Weak Reference
    _signal_finish                            - Undefined Weak Reference
    _signal_init                              - Undefined Weak Reference
    _terminateio                              - Undefined Weak Reference
    __Vectors_Size                           0x00000130   Number         0  startup_stm32f103xe.o ABSOLUTE
    __Vectors                                0x08000000   Data           4  startup_stm32f103xe.o(RESET)
    __Vectors_End                            0x08000130   Data           0  startup_stm32f103xe.o(RESET)
    __main                                   0x08000131   Thumb Code     8  __main.o(!!!main)
    __scatterload                            0x08000139   Thumb Code     0  __scatter.o(!!!scatter)
    __scatterload_rt2                        0x08000139   Thumb Code    44  __scatter.o(!!!scatter)
    __scatterload_rt2_thumb_only             0x08000139   Thumb Code     0  __scatter.o(!!!scatter)
    __scatterload_null                       0x08000147   Thumb Code     0  __scatter.o(!!!scatter)
    __scatterload_copy                       0x0800016d   Thumb Code    26  __scatter_copy.o(!!handler_copy)
    __scatterload_zeroinit                   0x08000189   Thumb Code    28  __scatter_zi.o(!!handler_zi)
    __rt_lib_init                            0x080001a5   Thumb Code     0  libinit.o(.ARM.Collect$$libinit$$00000000)
    __rt_lib_init_alloca_1                   0x080001a7   Thumb Code     0  libinit2.o(.ARM.Collect$$libinit$$0000002E)
    __rt_lib_init_argv_1                     0x080001a7   Thumb Code     0  libinit2.o(.ARM.Collect$$libinit$$0000002C)
    __rt_lib_init_atexit_1                   0x080001a7   Thumb Code     0  libinit2.o(.ARM.Collect$$libinit$$0000001B)
    __rt_lib_init_clock_1                    0x080001a7   Thumb Code     0  libinit2.o(.ARM.Collect$$libinit$$00000021)
    __rt_lib_init_cpp_1                      0x080001a7   Thumb Code     0  libinit2.o(.ARM.Collect$$libinit$$00000032)
    __rt_lib_init_exceptions_1               0x080001a7   Thumb Code     0  libinit2.o(.ARM.Collect$$libinit$$00000030)
    __rt_lib_init_fp_1                       0x080001a7   Thumb Code     0  libinit2.o(.ARM.Collect$$libinit$$00000002)
    __rt_lib_init_fp_trap_1                  0x080001a7   Thumb Code     0  libinit2.o(.ARM.Collect$$libinit$$0000001F)
    __rt_lib_init_getenv_1                   0x080001a7   Thumb Code     0  libinit2.o(.ARM.Collect$$libinit$$00000023)
    __rt_lib_init_heap_1                     0x080001a7   Thumb Code     0  libinit2.o(.ARM.Collect$$libinit$$0000000A)
    __rt_lib_init_lc_collate_1               0x080001a7   Thumb Code     0  libinit2.o(.ARM.Collect$$libinit$$00000011)
    __rt_lib_init_lc_ctype_1                 0x080001a7   Thumb Code     0  libinit2.o(.ARM.Collect$$libinit$$00000013)
    __rt_lib_init_lc_monetary_1              0x080001a7   Thumb Code     0  libinit2.o(.ARM.Collect$$libinit$$00000015)
    __rt_lib_init_lc_numeric_1               0x080001a7   Thumb Code     0  libinit2.o(.ARM.Collect$$libinit$$00000017)
    __rt_lib_init_lc_time_1                  0x080001a7   Thumb Code     0  libinit2.o(.ARM.Collect$$libinit$$00000019)
    __rt_lib_init_preinit_1                  0x080001a7   Thumb Code     0  libinit2.o(.ARM.Collect$$libinit$$00000004)
    __rt_lib_init_rand_1                     0x080001a7   Thumb Code     0  libinit2.o(.ARM.Collect$$libinit$$0000000E)
    __rt_lib_init_return                     0x080001a7   Thumb Code     0  libinit2.o(.ARM.Collect$$libinit$$00000033)
    __rt_lib_init_signal_1                   0x080001a7   Thumb Code     0  libinit2.o(.ARM.Collect$$libinit$$0000001D)
    __rt_lib_init_stdio_1                    0x080001a7   Thumb Code     0  libinit2.o(.ARM.Collect$$libinit$$00000025)
    __rt_lib_init_user_alloc_1               0x080001a7   Thumb Code     0  libinit2.o(.ARM.Collect$$libinit$$0000000C)
    __rt_lib_shutdown                        0x080001a9   Thumb Code     0  libshutdown.o(.ARM.Collect$$libshutdown$$00000000)
    __rt_lib_shutdown_cpp_1                  0x080001ab   Thumb Code     0  libshutdown2.o(.ARM.Collect$$libshutdown$$00000004)
    __rt_lib_shutdown_fini_1                 0x080001ab   Thumb Code     0  libshutdown2.o(.ARM.Collect$$libshutdown$$00000002)
    __rt_lib_shutdown_fp_trap_1              0x080001ab   Thumb Code     0  libshutdown2.o(.ARM.Collect$$libshutdown$$00000009)
    __rt_lib_shutdown_heap_1                 0x080001ab   Thumb Code     0  libshutdown2.o(.ARM.Collect$$libshutdown$$00000011)
    __rt_lib_shutdown_return                 0x080001ab   Thumb Code     0  libshutdown2.o(.ARM.Collect$$libshutdown$$00000012)
    __rt_lib_shutdown_signal_1               0x080001ab   Thumb Code     0  libshutdown2.o(.ARM.Collect$$libshutdown$$0000000C)
    __rt_lib_shutdown_stdio_1                0x080001ab   Thumb Code     0  libshutdown2.o(.ARM.Collect$$libshutdown$$00000006)
    __rt_lib_shutdown_user_alloc_1           0x080001ab   Thumb Code     0  libshutdown2.o(.ARM.Collect$$libshutdown$$0000000E)
    __rt_entry                               0x080001ad   Thumb Code     0  __rtentry.o(.ARM.Collect$$rtentry$$00000000)
    __rt_entry_presh_1                       0x080001ad   Thumb Code     0  __rtentry2.o(.ARM.Collect$$rtentry$$00000002)
    __rt_entry_sh                            0x080001ad   Thumb Code     0  __rtentry4.o(.ARM.Collect$$rtentry$$00000004)
    __rt_entry_li                            0x080001b3   Thumb Code     0  __rtentry2.o(.ARM.Collect$$rtentry$$0000000A)
    __rt_entry_postsh_1                      0x080001b3   Thumb Code     0  __rtentry2.o(.ARM.Collect$$rtentry$$00000009)
    __rt_entry_main                          0x080001b7   Thumb Code     0  __rtentry2.o(.ARM.Collect$$rtentry$$0000000D)
    __rt_entry_postli_1                      0x080001b7   Thumb Code     0  __rtentry2.o(.ARM.Collect$$rtentry$$0000000C)
    __rt_exit                                0x080001bf   Thumb Code     0  rtexit.o(.ARM.Collect$$rtexit$$00000000)
    __rt_exit_ls                             0x080001c1   Thumb Code     0  rtexit2.o(.ARM.Collect$$rtexit$$00000003)
    __rt_exit_prels_1                        0x080001c1   Thumb Code     0  rtexit2.o(.ARM.Collect$$rtexit$$00000002)
    __rt_exit_exit                           0x080001c5   Thumb Code     0  rtexit2.o(.ARM.Collect$$rtexit$$00000004)
    SVC_Handler                              0x080001cd   Thumb Code    32  port.o(.emb_text)
    __asm___6_port_c_39a90d8d__prvStartFirstTask 0x080001f1   Thumb Code    28  port.o(.emb_text)
    PendSV_Handler                           0x08000211   Thumb Code    72  port.o(.emb_text)
    vPortGetIPSR                             0x0800025d   Thumb Code     6  port.o(.emb_text)
    Reset_Handler                            0x08000265   Thumb Code     8  startup_stm32f103xe.o(.text)
    ADC1_2_IRQHandler                        0x0800027f   Thumb Code     0  startup_stm32f103xe.o(.text)
    ADC3_IRQHandler                          0x0800027f   Thumb Code     0  startup_stm32f103xe.o(.text)
    CAN1_RX1_IRQHandler                      0x0800027f   Thumb Code     0  startup_stm32f103xe.o(.text)
    CAN1_SCE_IRQHandler                      0x0800027f   Thumb Code     0  startup_stm32f103xe.o(.text)
    DMA1_Channel1_IRQHandler                 0x0800027f   Thumb Code     0  startup_stm32f103xe.o(.text)
    DMA1_Channel2_IRQHandler                 0x0800027f   Thumb Code     0  startup_stm32f103xe.o(.text)
    DMA1_Channel3_IRQHandler                 0x0800027f   Thumb Code     0  startup_stm32f103xe.o(.text)
    DMA1_Channel4_IRQHandler                 0x0800027f   Thumb Code     0  startup_stm32f103xe.o(.text)
    DMA1_Channel5_IRQHandler                 0x0800027f   Thumb Code     0  startup_stm32f103xe.o(.text)
    DMA1_Channel6_IRQHandler                 0x0800027f   Thumb Code     0  startup_stm32f103xe.o(.text)
    DMA1_Channel7_IRQHandler                 0x0800027f   Thumb Code     0  startup_stm32f103xe.o(.text)
    DMA2_Channel1_IRQHandler                 0x0800027f   Thumb Code     0  startup_stm32f103xe.o(.text)
    DMA2_Channel2_IRQHandler                 0x0800027f   Thumb Code     0  startup_stm32f103xe.o(.text)
    DMA2_Channel3_IRQHandler                 0x0800027f   Thumb Code     0  startup_stm32f103xe.o(.text)
    DMA2_Channel4_5_IRQHandler               0x0800027f   Thumb Code     0  startup_stm32f103xe.o(.text)
    EXTI0_IRQHandler                         0x0800027f   Thumb Code     0  startup_stm32f103xe.o(.text)
    EXTI1_IRQHandler                         0x0800027f   Thumb Code     0  startup_stm32f103xe.o(.text)
    EXTI2_IRQHandler                         0x0800027f   Thumb Code     0  startup_stm32f103xe.o(.text)
    EXTI3_IRQHandler                         0x0800027f   Thumb Code     0  startup_stm32f103xe.o(.text)
    EXTI4_IRQHandler                         0x0800027f   Thumb Code     0  startup_stm32f103xe.o(.text)
    EXTI9_5_IRQHandler                       0x0800027f   Thumb Code     0  startup_stm32f103xe.o(.text)
    FLASH_IRQHandler                         0x0800027f   Thumb Code     0  startup_stm32f103xe.o(.text)
    FSMC_IRQHandler                          0x0800027f   Thumb Code     0  startup_stm32f103xe.o(.text)
    I2C1_ER_IRQHandler                       0x0800027f   Thumb Code     0  startup_stm32f103xe.o(.text)
    I2C1_EV_IRQHandler                       0x0800027f   Thumb Code     0  startup_stm32f103xe.o(.text)
    I2C2_ER_IRQHandler                       0x0800027f   Thumb Code     0  startup_stm32f103xe.o(.text)
    I2C2_EV_IRQHandler                       0x0800027f   Thumb Code     0  startup_stm32f103xe.o(.text)
    PVD_IRQHandler                           0x0800027f   Thumb Code     0  startup_stm32f103xe.o(.text)
    RCC_IRQHandler                           0x0800027f   Thumb Code     0  startup_stm32f103xe.o(.text)
    RTC_Alarm_IRQHandler                     0x0800027f   Thumb Code     0  startup_stm32f103xe.o(.text)
    RTC_IRQHandler                           0x0800027f   Thumb Code     0  startup_stm32f103xe.o(.text)
    SDIO_IRQHandler                          0x0800027f   Thumb Code     0  startup_stm32f103xe.o(.text)
    SPI1_IRQHandler                          0x0800027f   Thumb Code     0  startup_stm32f103xe.o(.text)
    SPI2_IRQHandler                          0x0800027f   Thumb Code     0  startup_stm32f103xe.o(.text)
    SPI3_IRQHandler                          0x0800027f   Thumb Code     0  startup_stm32f103xe.o(.text)
    TAMPER_IRQHandler                        0x0800027f   Thumb Code     0  startup_stm32f103xe.o(.text)
    TIM2_IRQHandler                          0x0800027f   Thumb Code     0  startup_stm32f103xe.o(.text)
    TIM3_IRQHandler                          0x0800027f   Thumb Code     0  startup_stm32f103xe.o(.text)
    TIM5_IRQHandler                          0x0800027f   Thumb Code     0  startup_stm32f103xe.o(.text)
    TIM6_IRQHandler                          0x0800027f   Thumb Code     0  startup_stm32f103xe.o(.text)
    TIM7_IRQHandler                          0x0800027f   Thumb Code     0  startup_stm32f103xe.o(.text)
    TIM8_BRK_IRQHandler                      0x0800027f   Thumb Code     0  startup_stm32f103xe.o(.text)
    TIM8_CC_IRQHandler                       0x0800027f   Thumb Code     0  startup_stm32f103xe.o(.text)
    TIM8_TRG_COM_IRQHandler                  0x0800027f   Thumb Code     0  startup_stm32f103xe.o(.text)
    TIM8_UP_IRQHandler                       0x0800027f   Thumb Code     0  startup_stm32f103xe.o(.text)
    UART4_IRQHandler                         0x0800027f   Thumb Code     0  startup_stm32f103xe.o(.text)
    UART5_IRQHandler                         0x0800027f   Thumb Code     0  startup_stm32f103xe.o(.text)
    USART2_IRQHandler                        0x0800027f   Thumb Code     0  startup_stm32f103xe.o(.text)
    USART3_IRQHandler                        0x0800027f   Thumb Code     0  startup_stm32f103xe.o(.text)
    USBWakeUp_IRQHandler                     0x0800027f   Thumb Code     0  startup_stm32f103xe.o(.text)
    USB_HP_CAN1_TX_IRQHandler                0x0800027f   Thumb Code     0  startup_stm32f103xe.o(.text)
    USB_LP_CAN1_RX0_IRQHandler               0x0800027f   Thumb Code     0  startup_stm32f103xe.o(.text)
    WWDG_IRQHandler                          0x0800027f   Thumb Code     0  startup_stm32f103xe.o(.text)
    __user_initial_stackheap                 0x08000281   Thumb Code     0  startup_stm32f103xe.o(.text)
    __aeabi_uldivmod                         0x080002a5   Thumb Code     0  lludivv7m.o(.text)
    _ll_udiv                                 0x080002a5   Thumb Code   238  lludivv7m.o(.text)
    __aeabi_memcpy                           0x08000393   Thumb Code     0  rt_memcpy_v6.o(.text)
    __rt_memcpy                              0x08000393   Thumb Code   138  rt_memcpy_v6.o(.text)
    _memcpy_lastbytes                        0x080003f9   Thumb Code     0  rt_memcpy_v6.o(.text)
    __aeabi_memcpy4                          0x0800041d   Thumb Code     0  rt_memcpy_w.o(.text)
    __aeabi_memcpy8                          0x0800041d   Thumb Code     0  rt_memcpy_w.o(.text)
    __rt_memcpy_w                            0x0800041d   Thumb Code   100  rt_memcpy_w.o(.text)
    _memcpy_lastbytes_aligned                0x08000465   Thumb Code     0  rt_memcpy_w.o(.text)
    __aeabi_memset                           0x08000481   Thumb Code    16  aeabi_memset.o(.text)
    __aeabi_memclr                           0x08000491   Thumb Code     0  rt_memclr.o(.text)
    __rt_memclr                              0x08000491   Thumb Code    68  rt_memclr.o(.text)
    _memset                                  0x08000495   Thumb Code     0  rt_memclr.o(.text)
    __aeabi_memclr4                          0x080004d5   Thumb Code     0  rt_memclr_w.o(.text)
    __aeabi_memclr8                          0x080004d5   Thumb Code     0  rt_memclr_w.o(.text)
    __rt_memclr_w                            0x080004d5   Thumb Code    78  rt_memclr_w.o(.text)
    _memset_w                                0x080004d9   Thumb Code     0  rt_memclr_w.o(.text)
    __use_two_region_memory                  0x08000523   Thumb Code     2  heapauxi.o(.text)
    __rt_heap_escrow                         0x08000525   Thumb Code     2  heapauxi.o(.text)
    __rt_heap_expand                         0x08000527   Thumb Code     2  heapauxi.o(.text)
    __user_libspace                          0x08000529   Thumb Code     8  libspace.o(.text)
    __user_perproc_libspace                  0x08000529   Thumb Code     0  libspace.o(.text)
    __user_perthread_libspace                0x08000529   Thumb Code     0  libspace.o(.text)
    __I$use$semihosting                      0x08000531   Thumb Code     0  use_no_semi.o(.text)
    __use_no_semihosting_swi                 0x08000531   Thumb Code     2  use_no_semi.o(.text)
    __semihosting_library_function           0x08000533   Thumb Code     0  indicate_semi.o(.text)
    __user_setup_stackheap                   0x08000533   Thumb Code    74  sys_stackheap_outer.o(.text)
    exit                                     0x0800057d   Thumb Code    18  exit.o(.text)
    _sys_exit                                0x08000591   Thumb Code     8  sys_exit.o(.text)
    ADC_ConversionStop_Disable               0x0800059d   Thumb Code    86  stm32f1xx_hal_adc.o(i.ADC_ConversionStop_Disable)
    BusFault_Handler                         0x080005f3   Thumb Code     2  stm32f1xx_it.o(i.BusFault_Handler)
    DebugMon_Handler                         0x080005f5   Thumb Code     2  stm32f1xx_it.o(i.DebugMon_Handler)
    EXTI15_10_IRQHandler                     0x080005f7   Thumb Code     8  stm32f1xx_it.o(i.EXTI15_10_IRQHandler)
    Error_Handler                            0x080005ff   Thumb Code     4  main.o(i.Error_Handler)
    Gui_Drawbmp16                            0x08000605   Thumb Code    78  gui.o(i.Gui_Drawbmp16)
    HAL_ADC_ConfigChannel                    0x08000659   Thumb Code   240  stm32f1xx_hal_adc.o(i.HAL_ADC_ConfigChannel)
    HAL_ADC_Init                             0x08000755   Thumb Code   272  stm32f1xx_hal_adc.o(i.HAL_ADC_Init)
    HAL_ADC_MspInit                          0x08000875   Thumb Code    76  adc.o(i.HAL_ADC_MspInit)
    HAL_DMA_Abort                            0x080008cd   Thumb Code    70  stm32f1xx_hal_dma.o(i.HAL_DMA_Abort)
    HAL_DMA_Abort_IT                         0x08000915   Thumb Code   296  stm32f1xx_hal_dma.o(i.HAL_DMA_Abort_IT)
    HAL_Delay                                0x08000a45   Thumb Code    32  stm32f1xx_hal.o(i.HAL_Delay)
    HAL_GPIO_EXTI_Callback                   0x08000a69   Thumb Code    12  driver_irq.o(i.HAL_GPIO_EXTI_Callback)
    HAL_GPIO_EXTI_IRQHandler                 0x08000a75   Thumb Code    18  stm32f1xx_hal_gpio.o(i.HAL_GPIO_EXTI_IRQHandler)
    HAL_GPIO_Init                            0x08000a8d   Thumb Code   462  stm32f1xx_hal_gpio.o(i.HAL_GPIO_Init)
    HAL_GPIO_WritePin                        0x08000c85   Thumb Code    10  stm32f1xx_hal_gpio.o(i.HAL_GPIO_WritePin)
    HAL_GetTick                              0x08000c91   Thumb Code     6  stm32f1xx_hal.o(i.HAL_GetTick)
    HAL_I2C_Init                             0x08000c9d   Thumb Code   376  stm32f1xx_hal_i2c.o(i.HAL_I2C_Init)
    HAL_I2C_Master_Transmit                  0x08000e25   Thumb Code   290  stm32f1xx_hal_i2c.o(i.HAL_I2C_Master_Transmit)
    HAL_I2C_Mem_Write                        0x08000f51   Thumb Code   294  stm32f1xx_hal_i2c.o(i.HAL_I2C_Mem_Write)
    HAL_I2C_MspInit                          0x08001081   Thumb Code    96  i2c.o(i.HAL_I2C_MspInit)
    HAL_IncTick                              0x080010f1   Thumb Code    12  stm32f1xx_hal.o(i.HAL_IncTick)
    HAL_Init                                 0x08001101   Thumb Code    32  stm32f1xx_hal.o(i.HAL_Init)
    HAL_InitTick                             0x08001125   Thumb Code   132  stm32f1xx_hal_timebase_tim.o(i.HAL_InitTick)
    HAL_MspInit                              0x080011bd   Thumb Code    62  stm32f1xx_hal_msp.o(i.HAL_MspInit)
    HAL_NVIC_EnableIRQ                       0x08001205   Thumb Code    26  stm32f1xx_hal_cortex.o(i.HAL_NVIC_EnableIRQ)
    HAL_NVIC_SetPriority                     0x08001221   Thumb Code    60  stm32f1xx_hal_cortex.o(i.HAL_NVIC_SetPriority)
    HAL_NVIC_SetPriorityGrouping             0x08001261   Thumb Code    26  stm32f1xx_hal_cortex.o(i.HAL_NVIC_SetPriorityGrouping)
    HAL_RCCEx_PeriphCLKConfig                0x08001285   Thumb Code   224  stm32f1xx_hal_rcc_ex.o(i.HAL_RCCEx_PeriphCLKConfig)
    HAL_RCC_ClockConfig                      0x08001371   Thumb Code   280  stm32f1xx_hal_rcc.o(i.HAL_RCC_ClockConfig)
    HAL_RCC_GetClockConfig                   0x0800149d   Thumb Code    54  stm32f1xx_hal_rcc.o(i.HAL_RCC_GetClockConfig)
    HAL_RCC_GetPCLK1Freq                     0x080014dd   Thumb Code    20  stm32f1xx_hal_rcc.o(i.HAL_RCC_GetPCLK1Freq)
    HAL_RCC_GetPCLK2Freq                     0x080014fd   Thumb Code    20  stm32f1xx_hal_rcc.o(i.HAL_RCC_GetPCLK2Freq)
    HAL_RCC_GetSysClockFreq                  0x0800151d   Thumb Code    58  stm32f1xx_hal_rcc.o(i.HAL_RCC_GetSysClockFreq)
    HAL_RCC_OscConfig                        0x08001569   Thumb Code   778  stm32f1xx_hal_rcc.o(i.HAL_RCC_OscConfig)
    HAL_SPI_Init                             0x08001889   Thumb Code   178  stm32f1xx_hal_spi.o(i.HAL_SPI_Init)
    HAL_SPI_MspInit                          0x0800193d   Thumb Code    82  spi.o(i.HAL_SPI_MspInit)
    HAL_TIMEx_BreakCallback                  0x0800199d   Thumb Code     2  stm32f1xx_hal_tim_ex.o(i.HAL_TIMEx_BreakCallback)
    HAL_TIMEx_CommutCallback                 0x0800199f   Thumb Code     2  stm32f1xx_hal_tim_ex.o(i.HAL_TIMEx_CommutCallback)
    HAL_TIMEx_ConfigBreakDeadTime            0x080019a1   Thumb Code    84  stm32f1xx_hal_tim_ex.o(i.HAL_TIMEx_ConfigBreakDeadTime)
    HAL_TIMEx_MasterConfigSynchronization    0x080019f5   Thumb Code   104  stm32f1xx_hal_tim_ex.o(i.HAL_TIMEx_MasterConfigSynchronization)
    HAL_TIM_Base_Init                        0x08001a71   Thumb Code    90  stm32f1xx_hal_tim.o(i.HAL_TIM_Base_Init)
    HAL_TIM_Base_MspInit                     0x08001acb   Thumb Code     2  stm32f1xx_hal_tim.o(i.HAL_TIM_Base_MspInit)
    HAL_TIM_Base_Start_IT                    0x08001acd   Thumb Code    88  stm32f1xx_hal_tim.o(i.HAL_TIM_Base_Start_IT)
    HAL_TIM_IC_CaptureCallback               0x08001b39   Thumb Code     2  stm32f1xx_hal_tim.o(i.HAL_TIM_IC_CaptureCallback)
    HAL_TIM_IRQHandler                       0x08001b3b   Thumb Code   358  stm32f1xx_hal_tim.o(i.HAL_TIM_IRQHandler)
    HAL_TIM_MspPostInit                      0x08001ca1   Thumb Code    64  tim.o(i.HAL_TIM_MspPostInit)
    HAL_TIM_OC_DelayElapsedCallback          0x08001ced   Thumb Code     2  stm32f1xx_hal_tim.o(i.HAL_TIM_OC_DelayElapsedCallback)
    HAL_TIM_PWM_ConfigChannel                0x08001cef   Thumb Code   204  stm32f1xx_hal_tim.o(i.HAL_TIM_PWM_ConfigChannel)
    HAL_TIM_PWM_Init                         0x08001dbb   Thumb Code    90  stm32f1xx_hal_tim.o(i.HAL_TIM_PWM_Init)
    HAL_TIM_PWM_MspInit                      0x08001e15   Thumb Code    98  tim.o(i.HAL_TIM_PWM_MspInit)
    HAL_TIM_PWM_PulseFinishedCallback        0x08001e81   Thumb Code     2  stm32f1xx_hal_tim.o(i.HAL_TIM_PWM_PulseFinishedCallback)
    HAL_TIM_PeriodElapsedCallback            0x08001e85   Thumb Code    14  main.o(i.HAL_TIM_PeriodElapsedCallback)
    HAL_TIM_TriggerCallback                  0x08001e99   Thumb Code     2  stm32f1xx_hal_tim.o(i.HAL_TIM_TriggerCallback)
    HAL_UARTEx_RxEventCallback               0x08001e9b   Thumb Code     2  stm32f1xx_hal_uart.o(i.HAL_UARTEx_RxEventCallback)
    HAL_UART_ErrorCallback                   0x08001e9d   Thumb Code     2  stm32f1xx_hal_uart.o(i.HAL_UART_ErrorCallback)
    HAL_UART_IRQHandler                      0x08001ea1   Thumb Code   616  stm32f1xx_hal_uart.o(i.HAL_UART_IRQHandler)
    HAL_UART_Init                            0x0800210d   Thumb Code   100  stm32f1xx_hal_uart.o(i.HAL_UART_Init)
    HAL_UART_MspInit                         0x08002171   Thumb Code   116  usart.o(i.HAL_UART_MspInit)
    HAL_UART_Receive_IT                      0x080021f1   Thumb Code    28  stm32f1xx_hal_uart.o(i.HAL_UART_Receive_IT)
    HAL_UART_RxCpltCallback                  0x0800220d   Thumb Code    66  blue_tooth.o(i.HAL_UART_RxCpltCallback)
    HAL_UART_TxCpltCallback                  0x0800225d   Thumb Code     2  stm32f1xx_hal_uart.o(i.HAL_UART_TxCpltCallback)
    HardFault_Handler                        0x0800225f   Thumb Code     2  stm32f1xx_it.o(i.HardFault_Handler)
    IRReceiver_IRQ_Callback                  0x080026f1   Thumb Code   158  driver_ir_receiver.o(i.IRReceiver_IRQ_Callback)
    IRReceiver_Init                          0x080027a9   Thumb Code     2  driver_ir_receiver.o(i.IRReceiver_Init)
    LCD_Clear                                0x080027ab   Thumb Code     4  driver_lcd.o(i.LCD_Clear)
    LCD_Fill                                 0x080027b1   Thumb Code    80  gui.o(i.LCD_Fill)
    LCD_Init                                 0x08002805   Thumb Code     4  driver_lcd.o(i.LCD_Init)
    LCD_PrintString                          0x08002809   Thumb Code     4  driver_lcd.o(i.LCD_PrintString)
    LCD_RESET                                0x0800280d   Thumb Code    30  lcd.o(i.LCD_RESET)
    LCD_SetWindows                           0x08002831   Thumb Code    84  lcd.o(i.LCD_SetWindows)
    LCD_WR_DATA                              0x08002889   Thumb Code    28  lcd.o(i.LCD_WR_DATA)
    LCD_WR_REG                               0x080028ad   Thumb Code    28  lcd.o(i.LCD_WR_REG)
    LCD_WriteRAM_Prepare                     0x080028d1   Thumb Code     8  lcd.o(i.LCD_WriteRAM_Prepare)
    LCD_WriteReg                             0x080028dd   Thumb Code    18  lcd.o(i.LCD_WriteReg)
    LCD_direction                            0x080028f1   Thumb Code    70  lcd.o(i.LCD_direction)
    Lcd_WriteData_16Bit                      0x0800293d   Thumb Code    40  lcd.o(i.Lcd_WriteData_16Bit)
    MX_ADC1_Init                             0x0800296d   Thumb Code    72  adc.o(i.MX_ADC1_Init)
    MX_FREERTOS_Init                         0x080029bd   Thumb Code    44  freertos.o(i.MX_FREERTOS_Init)
    MX_GPIO_Init                             0x080029f9   Thumb Code   272  gpio.o(i.MX_GPIO_Init)
    MX_I2C1_Init                             0x08002b21   Thumb Code    50  i2c.o(i.MX_I2C1_Init)
    MX_SPI2_Init                             0x08002b61   Thumb Code    60  spi.o(i.MX_SPI2_Init)
    MX_TIM1_Init                             0x08002ba5   Thumb Code   152  tim.o(i.MX_TIM1_Init)
    MX_USART1_UART_Init                      0x08002c45   Thumb Code    48  usart.o(i.MX_USART1_UART_Init)
    MemManage_Handler                        0x08002c7d   Thumb Code     2  stm32f1xx_it.o(i.MemManage_Handler)
    NMI_Handler                              0x08002c7f   Thumb Code     2  stm32f1xx_it.o(i.NMI_Handler)
    OLED_Clear                               0x08002c81   Thumb Code    42  driver_oled.o(i.OLED_Clear)
    OLED_Init                                0x08002cad   Thumb Code   142  driver_oled.o(i.OLED_Init)
    OLED_PrintString                         0x08002d41   Thumb Code    50  driver_oled.o(i.OLED_PrintString)
    OLED_PutChar                             0x08002d75   Thumb Code    66  driver_oled.o(i.OLED_PutChar)
    OLED_SetPosition                         0x08002de9   Thumb Code    58  driver_oled.o(i.OLED_SetPosition)
    Pic_test                                 0x08002e71   Thumb Code    10  spi_lcd_test.o(i.Pic_test)
    SPI_Init                                 0x08002ead   Thumb Code    14  my_spi.o(i.SPI_Init)
    SPI_WriteByte                            0x08002ec1   Thumb Code    20  my_spi.o(i.SPI_WriteByte)
    StartDefaultTask                         0x08002ed5   Thumb Code    38  freertos.o(i.StartDefaultTask)
    SysTick_Handler                          0x08002f01   Thumb Code    38  port.o(i.SysTick_Handler)
    SystemClock_Config                       0x08002f2d   Thumb Code   114  main.o(i.SystemClock_Config)
    SystemInit                               0x08002f9f   Thumb Code     2  system_stm32f1xx.o(i.SystemInit)
    TIM1_BRK_IRQHandler                      0x08002fa1   Thumb Code     6  stm32f1xx_it.o(i.TIM1_BRK_IRQHandler)
    TIM1_CC_IRQHandler                       0x08002fad   Thumb Code     6  stm32f1xx_it.o(i.TIM1_CC_IRQHandler)
    TIM1_TRG_COM_IRQHandler                  0x08002fb9   Thumb Code     6  stm32f1xx_it.o(i.TIM1_TRG_COM_IRQHandler)
    TIM1_UP_IRQHandler                       0x08002fc5   Thumb Code     6  stm32f1xx_it.o(i.TIM1_UP_IRQHandler)
    TIM4_IRQHandler                          0x08002fd1   Thumb Code     6  stm32f1xx_it.o(i.TIM4_IRQHandler)
    TIM_Base_SetConfig                       0x08002fdd   Thumb Code   120  stm32f1xx_hal_tim.o(i.TIM_Base_SetConfig)
    TIM_OC2_SetConfig                        0x080030c9   Thumb Code    98  stm32f1xx_hal_tim.o(i.TIM_OC2_SetConfig)
    UART_Start_Receive_IT                    0x080033c5   Thumb Code    54  stm32f1xx_hal_uart.o(i.UART_Start_Receive_IT)
    USART1_IRQHandler                        0x080033fd   Thumb Code     6  stm32f1xx_it.o(i.USART1_IRQHandler)
    UsageFault_Handler                       0x08003409   Thumb Code     2  stm32f1xx_it.o(i.UsageFault_Handler)
    main                                     0x0800342b   Thumb Code    46  main.o(i.main)
    osKernelInitialize                       0x08003459   Thumb Code    50  cmsis_os2.o(i.osKernelInitialize)
    osKernelStart                            0x08003491   Thumb Code    58  cmsis_os2.o(i.osKernelStart)
    osThreadNew                              0x080034d1   Thumb Code   160  cmsis_os2.o(i.osThreadNew)
    pvPortMalloc                             0x08003cb9   Thumb Code   210  heap_4.o(i.pvPortMalloc)
    pxPortInitialiseStack                    0x08003d91   Thumb Code    32  port.o(i.pxPortInitialiseStack)
    spi_LCD_Clear                            0x08003db5   Thumb Code    80  lcd.o(i.spi_LCD_Clear)
    spi_LCD_Init                             0x08003e0d   Thumb Code   570  lcd.o(i.spi_LCD_Init)
    system_get_ns                            0x0800404d   Thumb Code    58  driver_timer.o(i.system_get_ns)
    uxListRemove                             0x08004091   Thumb Code    38  list.o(i.uxListRemove)
    vApplicationGetIdleTaskMemory            0x080040b9   Thumb Code    16  cmsis_os2.o(i.vApplicationGetIdleTaskMemory)
    vApplicationGetTimerTaskMemory           0x080040cd   Thumb Code    18  cmsis_os2.o(i.vApplicationGetTimerTaskMemory)
    vListInitialise                          0x080040e5   Thumb Code    22  list.o(i.vListInitialise)
    vListInitialiseItem                      0x080040fb   Thumb Code     6  list.o(i.vListInitialiseItem)
    vListInsert                              0x08004101   Thumb Code    48  list.o(i.vListInsert)
    vListInsertEnd                           0x08004131   Thumb Code    24  list.o(i.vListInsertEnd)
    vPortEnterCritical                       0x08004149   Thumb Code    54  port.o(i.vPortEnterCritical)
    vPortExitCritical                        0x08004189   Thumb Code    34  port.o(i.vPortExitCritical)
    vPortFree                                0x080041b1   Thumb Code    88  heap_4.o(i.vPortFree)
    vPortSetupTimerInterrupt                 0x0800420d   Thumb Code    32  port.o(i.vPortSetupTimerInterrupt)
    vPortValidateInterruptPriority           0x08004231   Thumb Code    74  port.o(i.vPortValidateInterruptPriority)
    vQueueAddToRegistry                      0x08004285   Thumb Code    34  queue.o(i.vQueueAddToRegistry)
    vQueueWaitForMessageRestricted           0x080042ad   Thumb Code    68  queue.o(i.vQueueWaitForMessageRestricted)
    vTaskDelay                               0x080042f1   Thumb Code    66  tasks.o(i.vTaskDelay)
    vTaskInternalSetTimeOutState             0x0800433d   Thumb Code    12  tasks.o(i.vTaskInternalSetTimeOutState)
    vTaskMissedYield                         0x0800434d   Thumb Code     8  tasks.o(i.vTaskMissedYield)
    vTaskPlaceOnEventList                    0x08004359   Thumb Code    44  tasks.o(i.vTaskPlaceOnEventList)
    vTaskPlaceOnEventListRestricted          0x08004389   Thumb Code    52  tasks.o(i.vTaskPlaceOnEventListRestricted)
    vTaskStartScheduler                      0x080043c1   Thumb Code   118  tasks.o(i.vTaskStartScheduler)
    vTaskSuspendAll                          0x08004449   Thumb Code    10  tasks.o(i.vTaskSuspendAll)
    vTaskSwitchContext                       0x08004459   Thumb Code    90  tasks.o(i.vTaskSwitchContext)
    xPortStartScheduler                      0x080044bd   Thumb Code   154  port.o(i.xPortStartScheduler)
    xQueueGenericCreateStatic                0x08004565   Thumb Code   102  queue.o(i.xQueueGenericCreateStatic)
    xQueueGenericReset                       0x080045cd   Thumb Code   132  queue.o(i.xQueueGenericReset)
    xQueueGenericSend                        0x08004655   Thumb Code   346  queue.o(i.xQueueGenericSend)
    xQueueGenericSendFromISR                 0x080047b5   Thumb Code   188  queue.o(i.xQueueGenericSendFromISR)
    xQueueReceive                            0x08004871   Thumb Code   308  queue.o(i.xQueueReceive)
    xTaskCheckForTimeOut                     0x080049a9   Thumb Code   112  tasks.o(i.xTaskCheckForTimeOut)
    xTaskCreate                              0x08004a1d   Thumb Code    90  tasks.o(i.xTaskCreate)
    xTaskCreateStatic                        0x08004a77   Thumb Code    86  tasks.o(i.xTaskCreateStatic)
    xTaskGetSchedulerState                   0x08004acd   Thumb Code    22  tasks.o(i.xTaskGetSchedulerState)
    xTaskGetTickCount                        0x08004ae9   Thumb Code     6  tasks.o(i.xTaskGetTickCount)
    xTaskIncrementTick                       0x08004af5   Thumb Code   190  tasks.o(i.xTaskIncrementTick)
    xTaskPriorityDisinherit                  0x08004bbd   Thumb Code   118  tasks.o(i.xTaskPriorityDisinherit)
    xTaskRemoveFromEventList                 0x08004c3d   Thumb Code    98  tasks.o(i.xTaskRemoveFromEventList)
    xTaskResumeAll                           0x08004cad   Thumb Code   182  tasks.o(i.xTaskResumeAll)
    xTimerCreateTimerTask                    0x08004d71   Thumb Code    78  timers.o(i.xTimerCreateTimerTask)
    xTimerGenericCommand                     0x08004dd1   Thumb Code    98  timers.o(i.xTimerGenericCommand)
    defaultTask_attributes                   0x08004e38   Data          36  freertos.o(.constdata)
    AHBPrescTable                            0x08004e6e   Data          16  system_stm32f1xx.o(.constdata)
    APBPrescTable                            0x08004e7e   Data           8  system_stm32f1xx.o(.constdata)
    ascii_font                               0x08004e86   Data        2048  driver_oled.o(.constdata)
    gImage_photo_1                           0x08005688   Data        6400  spi_lcd_test.o(.constdata)
    Region$$Table$$Base                      0x08006fdc   Number         0  anon$$obj.o(Region$$Table)
    Region$$Table$$Limit                     0x08006ffc   Number         0  anon$$obj.o(Region$$Table)
    defaultTaskHandle                        0x20000000   Data           4  freertos.o(.data)
    uwTickFreq                               0x20000004   Data           1  stm32f1xx_hal.o(.data)
    uwTickPrio                               0x20000008   Data           4  stm32f1xx_hal.o(.data)
    uwTick                                   0x2000000c   Data           4  stm32f1xx_hal.o(.data)
    SystemCoreClock                          0x20000010   Data           4  system_stm32f1xx.o(.data)
    pxCurrentTCB                             0x20000014   Data           4  tasks.o(.data)
    USART1_NewData                           0x20000094   Data           1  blue_tooth.o(.data)
    USART1_RX_STA                            0x20000096   Data           2  blue_tooth.o(.data)
    hadc1                                    0x200000b0   Data          48  adc.o(.bss)
    hi2c1                                    0x200000e0   Data          84  i2c.o(.bss)
    hspi2                                    0x20000134   Data          88  spi.o(.bss)
    htim1                                    0x2000018c   Data          72  tim.o(.bss)
    huart1                                   0x200001d4   Data          72  usart.o(.bss)
    htim4                                    0x2000021c   Data          72  stm32f1xx_hal_timebase_tim.o(.bss)
    xQueueRegistry                           0x20000264   Data          64  queue.o(.bss)
    USART1_RX_BUF                            0x20001b38   Data         200  blue_tooth.o(.bss)
    lcddev                                   0x20001ea0   Data          14  lcd.o(.bss)
    __libspace_start                         0x20001eb0   Data          96  libspace.o(.bss)
    __temporary_stack_top$libspace           0x20001f10   Data           0  libspace.o(.bss)



==============================================================================

Memory Map of the image

  Image Entry point : 0x08000131

  Load Region LR_IROM1 (Base: 0x08000000, Size: 0x000070ac, Max: 0x00080000, ABSOLUTE)

    Execution Region ER_IROM1 (Exec base: 0x08000000, Load base: 0x08000000, Size: 0x00006ffc, Max: 0x00080000, ABSOLUTE)

    Exec Addr    Load Addr    Size         Type   Attr      Idx    E Section Name        Object

    0x08000000   0x08000000   0x00000130   Data   RO            3    RESET               startup_stm32f103xe.o
    0x08000130   0x08000130   0x00000008   Code   RO        11864  * !!!main             c_w.l(__main.o)
    0x08000138   0x08000138   0x00000034   Code   RO        12121    !!!scatter          c_w.l(__scatter.o)
    0x0800016c   0x0800016c   0x0000001a   Code   RO        12123    !!handler_copy      c_w.l(__scatter_copy.o)
    0x08000186   0x08000186   0x00000002   PAD
    0x08000188   0x08000188   0x0000001c   Code   RO        12125    !!handler_zi        c_w.l(__scatter_zi.o)
    0x080001a4   0x080001a4   0x00000002   Code   RO        12056    .ARM.Collect$$libinit$$00000000  c_w.l(libinit.o)
    0x080001a6   0x080001a6   0x00000000   Code   RO        11930    .ARM.Collect$$libinit$$00000002  c_w.l(libinit2.o)
    0x080001a6   0x080001a6   0x00000000   Code   RO        11932    .ARM.Collect$$libinit$$00000004  c_w.l(libinit2.o)
    0x080001a6   0x080001a6   0x00000000   Code   RO        11935    .ARM.Collect$$libinit$$0000000A  c_w.l(libinit2.o)
    0x080001a6   0x080001a6   0x00000000   Code   RO        11937    .ARM.Collect$$libinit$$0000000C  c_w.l(libinit2.o)
    0x080001a6   0x080001a6   0x00000000   Code   RO        11939    .ARM.Collect$$libinit$$0000000E  c_w.l(libinit2.o)
    0x080001a6   0x080001a6   0x00000000   Code   RO        11942    .ARM.Collect$$libinit$$00000011  c_w.l(libinit2.o)
    0x080001a6   0x080001a6   0x00000000   Code   RO        11944    .ARM.Collect$$libinit$$00000013  c_w.l(libinit2.o)
    0x080001a6   0x080001a6   0x00000000   Code   RO        11946    .ARM.Collect$$libinit$$00000015  c_w.l(libinit2.o)
    0x080001a6   0x080001a6   0x00000000   Code   RO        11948    .ARM.Collect$$libinit$$00000017  c_w.l(libinit2.o)
    0x080001a6   0x080001a6   0x00000000   Code   RO        11950    .ARM.Collect$$libinit$$00000019  c_w.l(libinit2.o)
    0x080001a6   0x080001a6   0x00000000   Code   RO        11952    .ARM.Collect$$libinit$$0000001B  c_w.l(libinit2.o)
    0x080001a6   0x080001a6   0x00000000   Code   RO        11954    .ARM.Collect$$libinit$$0000001D  c_w.l(libinit2.o)
    0x080001a6   0x080001a6   0x00000000   Code   RO        11956    .ARM.Collect$$libinit$$0000001F  c_w.l(libinit2.o)
    0x080001a6   0x080001a6   0x00000000   Code   RO        11958    .ARM.Collect$$libinit$$00000021  c_w.l(libinit2.o)
    0x080001a6   0x080001a6   0x00000000   Code   RO        11960    .ARM.Collect$$libinit$$00000023  c_w.l(libinit2.o)
    0x080001a6   0x080001a6   0x00000000   Code   RO        11962    .ARM.Collect$$libinit$$00000025  c_w.l(libinit2.o)
    0x080001a6   0x080001a6   0x00000000   Code   RO        11966    .ARM.Collect$$libinit$$0000002C  c_w.l(libinit2.o)
    0x080001a6   0x080001a6   0x00000000   Code   RO        11968    .ARM.Collect$$libinit$$0000002E  c_w.l(libinit2.o)
    0x080001a6   0x080001a6   0x00000000   Code   RO        11970    .ARM.Collect$$libinit$$00000030  c_w.l(libinit2.o)
    0x080001a6   0x080001a6   0x00000000   Code   RO        11972    .ARM.Collect$$libinit$$00000032  c_w.l(libinit2.o)
    0x080001a6   0x080001a6   0x00000002   Code   RO        11973    .ARM.Collect$$libinit$$00000033  c_w.l(libinit2.o)
    0x080001a8   0x080001a8   0x00000002   Code   RO        12118    .ARM.Collect$$libshutdown$$00000000  c_w.l(libshutdown.o)
    0x080001aa   0x080001aa   0x00000000   Code   RO        12074    .ARM.Collect$$libshutdown$$00000002  c_w.l(libshutdown2.o)
    0x080001aa   0x080001aa   0x00000000   Code   RO        12076    .ARM.Collect$$libshutdown$$00000004  c_w.l(libshutdown2.o)
    0x080001aa   0x080001aa   0x00000000   Code   RO        12078    .ARM.Collect$$libshutdown$$00000006  c_w.l(libshutdown2.o)
    0x080001aa   0x080001aa   0x00000000   Code   RO        12081    .ARM.Collect$$libshutdown$$00000009  c_w.l(libshutdown2.o)
    0x080001aa   0x080001aa   0x00000000   Code   RO        12084    .ARM.Collect$$libshutdown$$0000000C  c_w.l(libshutdown2.o)
    0x080001aa   0x080001aa   0x00000000   Code   RO        12086    .ARM.Collect$$libshutdown$$0000000E  c_w.l(libshutdown2.o)
    0x080001aa   0x080001aa   0x00000000   Code   RO        12089    .ARM.Collect$$libshutdown$$00000011  c_w.l(libshutdown2.o)
    0x080001aa   0x080001aa   0x00000002   Code   RO        12090    .ARM.Collect$$libshutdown$$00000012  c_w.l(libshutdown2.o)
    0x080001ac   0x080001ac   0x00000000   Code   RO        11890    .ARM.Collect$$rtentry$$00000000  c_w.l(__rtentry.o)
    0x080001ac   0x080001ac   0x00000000   Code   RO        11989    .ARM.Collect$$rtentry$$00000002  c_w.l(__rtentry2.o)
    0x080001ac   0x080001ac   0x00000006   Code   RO        12001    .ARM.Collect$$rtentry$$00000004  c_w.l(__rtentry4.o)
    0x080001b2   0x080001b2   0x00000000   Code   RO        11991    .ARM.Collect$$rtentry$$00000009  c_w.l(__rtentry2.o)
    0x080001b2   0x080001b2   0x00000004   Code   RO        11992    .ARM.Collect$$rtentry$$0000000A  c_w.l(__rtentry2.o)
    0x080001b6   0x080001b6   0x00000000   Code   RO        11994    .ARM.Collect$$rtentry$$0000000C  c_w.l(__rtentry2.o)
    0x080001b6   0x080001b6   0x00000008   Code   RO        11995    .ARM.Collect$$rtentry$$0000000D  c_w.l(__rtentry2.o)
    0x080001be   0x080001be   0x00000002   Code   RO        12061    .ARM.Collect$$rtexit$$00000000  c_w.l(rtexit.o)
    0x080001c0   0x080001c0   0x00000000   Code   RO        12094    .ARM.Collect$$rtexit$$00000002  c_w.l(rtexit2.o)
    0x080001c0   0x080001c0   0x00000004   Code   RO        12095    .ARM.Collect$$rtexit$$00000003  c_w.l(rtexit2.o)
    0x080001c4   0x080001c4   0x00000006   Code   RO        12096    .ARM.Collect$$rtexit$$00000004  c_w.l(rtexit2.o)
    0x080001ca   0x080001ca   0x00000002   PAD
    0x080001cc   0x080001cc   0x00000096   Code   RO         5747    .emb_text           port.o
    0x08000262   0x08000262   0x00000002   PAD
    0x08000264   0x08000264   0x00000040   Code   RO            4    .text               startup_stm32f103xe.o
    0x080002a4   0x080002a4   0x000000ee   Code   RO        11807    .text               c_w.l(lludivv7m.o)
    0x08000392   0x08000392   0x0000008a   Code   RO        11850    .text               c_w.l(rt_memcpy_v6.o)
    0x0800041c   0x0800041c   0x00000064   Code   RO        11852    .text               c_w.l(rt_memcpy_w.o)
    0x08000480   0x08000480   0x00000010   Code   RO        11856    .text               c_w.l(aeabi_memset.o)
    0x08000490   0x08000490   0x00000044   Code   RO        11858    .text               c_w.l(rt_memclr.o)
    0x080004d4   0x080004d4   0x0000004e   Code   RO        11860    .text               c_w.l(rt_memclr_w.o)
    0x08000522   0x08000522   0x00000006   Code   RO        11862    .text               c_w.l(heapauxi.o)
    0x08000528   0x08000528   0x00000008   Code   RO        11985    .text               c_w.l(libspace.o)
    0x08000530   0x08000530   0x00000002   Code   RO        12028    .text               c_w.l(use_no_semi.o)
    0x08000532   0x08000532   0x00000000   Code   RO        12030    .text               c_w.l(indicate_semi.o)
    0x08000532   0x08000532   0x0000004a   Code   RO        12031    .text               c_w.l(sys_stackheap_outer.o)
    0x0800057c   0x0800057c   0x00000012   Code   RO        12037    .text               c_w.l(exit.o)
    0x0800058e   0x0800058e   0x00000002   PAD
    0x08000590   0x08000590   0x0000000c   Code   RO        12059    .text               c_w.l(sys_exit.o)
    0x0800059c   0x0800059c   0x00000056   Code   RO          831    i.ADC_ConversionStop_Disable  stm32f1xx_hal_adc.o
    0x080005f2   0x080005f2   0x00000002   Code   RO          628    i.BusFault_Handler  stm32f1xx_it.o
    0x080005f4   0x080005f4   0x00000002   Code   RO          629    i.DebugMon_Handler  stm32f1xx_it.o
    0x080005f6   0x080005f6   0x00000008   Code   RO          630    i.EXTI15_10_IRQHandler  stm32f1xx_it.o
    0x080005fe   0x080005fe   0x00000004   Code   RO           13    i.Error_Handler     main.o
    0x08000602   0x08000602   0x00000002   PAD
    0x08000604   0x08000604   0x00000054   Code   RO         6631    i.Gui_Drawbmp16     gui.o
    0x08000658   0x08000658   0x000000fc   Code   RO          837    i.HAL_ADC_ConfigChannel  stm32f1xx_hal_adc.o
    0x08000754   0x08000754   0x00000120   Code   RO          846    i.HAL_ADC_Init      stm32f1xx_hal_adc.o
    0x08000874   0x08000874   0x00000058   Code   RO          413    i.HAL_ADC_MspInit   adc.o
    0x080008cc   0x080008cc   0x00000046   Code   RO         1488    i.HAL_DMA_Abort     stm32f1xx_hal_dma.o
    0x08000912   0x08000912   0x00000002   PAD
    0x08000914   0x08000914   0x00000130   Code   RO         1489    i.HAL_DMA_Abort_IT  stm32f1xx_hal_dma.o
    0x08000a44   0x08000a44   0x00000024   Code   RO         1114    i.HAL_Delay         stm32f1xx_hal.o
    0x08000a68   0x08000a68   0x0000000c   Code   RO         6298    i.HAL_GPIO_EXTI_Callback  driver_irq.o
    0x08000a74   0x08000a74   0x00000018   Code   RO         1423    i.HAL_GPIO_EXTI_IRQHandler  stm32f1xx_hal_gpio.o
    0x08000a8c   0x08000a8c   0x000001f8   Code   RO         1424    i.HAL_GPIO_Init     stm32f1xx_hal_gpio.o
    0x08000c84   0x08000c84   0x0000000a   Code   RO         1428    i.HAL_GPIO_WritePin  stm32f1xx_hal_gpio.o
    0x08000c8e   0x08000c8e   0x00000002   PAD
    0x08000c90   0x08000c90   0x0000000c   Code   RO         1118    i.HAL_GetTick       stm32f1xx_hal.o
    0x08000c9c   0x08000c9c   0x00000188   Code   RO         2095    i.HAL_I2C_Init      stm32f1xx_hal_i2c.o
    0x08000e24   0x08000e24   0x0000012c   Code   RO         2108    i.HAL_I2C_Master_Transmit  stm32f1xx_hal_i2c.o
    0x08000f50   0x08000f50   0x00000130   Code   RO         2116    i.HAL_I2C_Mem_Write  stm32f1xx_hal_i2c.o
    0x08001080   0x08001080   0x00000070   Code   RO          455    i.HAL_I2C_MspInit   i2c.o
    0x080010f0   0x080010f0   0x00000010   Code   RO         1124    i.HAL_IncTick       stm32f1xx_hal.o
    0x08001100   0x08001100   0x00000024   Code   RO         1125    i.HAL_Init          stm32f1xx_hal.o
    0x08001124   0x08001124   0x00000098   Code   RO          756    i.HAL_InitTick      stm32f1xx_hal_timebase_tim.o
    0x080011bc   0x080011bc   0x00000048   Code   RO          732    i.HAL_MspInit       stm32f1xx_hal_msp.o
    0x08001204   0x08001204   0x0000001a   Code   RO         1584    i.HAL_NVIC_EnableIRQ  stm32f1xx_hal_cortex.o
    0x0800121e   0x0800121e   0x00000002   PAD
    0x08001220   0x08001220   0x00000040   Code   RO         1590    i.HAL_NVIC_SetPriority  stm32f1xx_hal_cortex.o
    0x08001260   0x08001260   0x00000024   Code   RO         1591    i.HAL_NVIC_SetPriorityGrouping  stm32f1xx_hal_cortex.o
    0x08001284   0x08001284   0x000000ec   Code   RO         1386    i.HAL_RCCEx_PeriphCLKConfig  stm32f1xx_hal_rcc_ex.o
    0x08001370   0x08001370   0x0000012c   Code   RO         1282    i.HAL_RCC_ClockConfig  stm32f1xx_hal_rcc.o
    0x0800149c   0x0800149c   0x00000040   Code   RO         1286    i.HAL_RCC_GetClockConfig  stm32f1xx_hal_rcc.o
    0x080014dc   0x080014dc   0x00000020   Code   RO         1289    i.HAL_RCC_GetPCLK1Freq  stm32f1xx_hal_rcc.o
    0x080014fc   0x080014fc   0x00000020   Code   RO         1290    i.HAL_RCC_GetPCLK2Freq  stm32f1xx_hal_rcc.o
    0x0800151c   0x0800151c   0x0000004c   Code   RO         1291    i.HAL_RCC_GetSysClockFreq  stm32f1xx_hal_rcc.o
    0x08001568   0x08001568   0x00000320   Code   RO         1294    i.HAL_RCC_OscConfig  stm32f1xx_hal_rcc.o
    0x08001888   0x08001888   0x000000b2   Code   RO         2532    i.HAL_SPI_Init      stm32f1xx_hal_spi.o
    0x0800193a   0x0800193a   0x00000002   PAD
    0x0800193c   0x0800193c   0x00000060   Code   RO          497    i.HAL_SPI_MspInit   spi.o
    0x0800199c   0x0800199c   0x00000002   Code   RO         3549    i.HAL_TIMEx_BreakCallback  stm32f1xx_hal_tim_ex.o
    0x0800199e   0x0800199e   0x00000002   Code   RO         3550    i.HAL_TIMEx_CommutCallback  stm32f1xx_hal_tim_ex.o
    0x080019a0   0x080019a0   0x00000054   Code   RO         3552    i.HAL_TIMEx_ConfigBreakDeadTime  stm32f1xx_hal_tim_ex.o
    0x080019f4   0x080019f4   0x0000007c   Code   RO         3568    i.HAL_TIMEx_MasterConfigSynchronization  stm32f1xx_hal_tim_ex.o
    0x08001a70   0x08001a70   0x0000005a   Code   RO         2845    i.HAL_TIM_Base_Init  stm32f1xx_hal_tim.o
    0x08001aca   0x08001aca   0x00000002   Code   RO         2847    i.HAL_TIM_Base_MspInit  stm32f1xx_hal_tim.o
    0x08001acc   0x08001acc   0x0000006c   Code   RO         2850    i.HAL_TIM_Base_Start_IT  stm32f1xx_hal_tim.o
    0x08001b38   0x08001b38   0x00000002   Code   RO         2879    i.HAL_TIM_IC_CaptureCallback  stm32f1xx_hal_tim.o
    0x08001b3a   0x08001b3a   0x00000166   Code   RO         2893    i.HAL_TIM_IRQHandler  stm32f1xx_hal_tim.o
    0x08001ca0   0x08001ca0   0x0000004c   Code   RO          538    i.HAL_TIM_MspPostInit  tim.o
    0x08001cec   0x08001cec   0x00000002   Code   RO         2896    i.HAL_TIM_OC_DelayElapsedCallback  stm32f1xx_hal_tim.o
    0x08001cee   0x08001cee   0x000000cc   Code   RO         2917    i.HAL_TIM_PWM_ConfigChannel  stm32f1xx_hal_tim.o
    0x08001dba   0x08001dba   0x0000005a   Code   RO         2920    i.HAL_TIM_PWM_Init  stm32f1xx_hal_tim.o
    0x08001e14   0x08001e14   0x0000006c   Code   RO          540    i.HAL_TIM_PWM_MspInit  tim.o
    0x08001e80   0x08001e80   0x00000002   Code   RO         2923    i.HAL_TIM_PWM_PulseFinishedCallback  stm32f1xx_hal_tim.o
    0x08001e82   0x08001e82   0x00000002   PAD
    0x08001e84   0x08001e84   0x00000014   Code   RO           14    i.HAL_TIM_PeriodElapsedCallback  main.o
    0x08001e98   0x08001e98   0x00000002   Code   RO         2936    i.HAL_TIM_TriggerCallback  stm32f1xx_hal_tim.o
    0x08001e9a   0x08001e9a   0x00000002   Code   RO         3828    i.HAL_UARTEx_RxEventCallback  stm32f1xx_hal_uart.o
    0x08001e9c   0x08001e9c   0x00000002   Code   RO         3842    i.HAL_UART_ErrorCallback  stm32f1xx_hal_uart.o
    0x08001e9e   0x08001e9e   0x00000002   PAD
    0x08001ea0   0x08001ea0   0x0000026c   Code   RO         3845    i.HAL_UART_IRQHandler  stm32f1xx_hal_uart.o
    0x0800210c   0x0800210c   0x00000064   Code   RO         3846    i.HAL_UART_Init     stm32f1xx_hal_uart.o
    0x08002170   0x08002170   0x00000080   Code   RO          587    i.HAL_UART_MspInit  usart.o
    0x080021f0   0x080021f0   0x0000001c   Code   RO         3851    i.HAL_UART_Receive_IT  stm32f1xx_hal_uart.o
    0x0800220c   0x0800220c   0x00000050   Code   RO         6223    i.HAL_UART_RxCpltCallback  blue_tooth.o
    0x0800225c   0x0800225c   0x00000002   Code   RO         3857    i.HAL_UART_TxCpltCallback  stm32f1xx_hal_uart.o
    0x0800225e   0x0800225e   0x00000002   Code   RO          631    i.HardFault_Handler  stm32f1xx_it.o
    0x08002260   0x08002260   0x0000002e   Code   RO         2138    i.I2C_IsAcknowledgeFailed  stm32f1xx_hal_i2c.o
    0x0800228e   0x0800228e   0x00000002   PAD
    0x08002290   0x08002290   0x0000009c   Code   RO         2142    i.I2C_MasterRequestWrite  stm32f1xx_hal_i2c.o
    0x0800232c   0x0800232c   0x000000a8   Code   RO         2149    i.I2C_RequestMemoryWrite  stm32f1xx_hal_i2c.o
    0x080023d4   0x080023d4   0x00000056   Code   RO         2153    i.I2C_WaitOnBTFFlagUntilTimeout  stm32f1xx_hal_i2c.o
    0x0800242a   0x0800242a   0x00000002   PAD
    0x0800242c   0x0800242c   0x00000090   Code   RO         2154    i.I2C_WaitOnFlagUntilTimeout  stm32f1xx_hal_i2c.o
    0x080024bc   0x080024bc   0x000000bc   Code   RO         2155    i.I2C_WaitOnMasterAddressFlagUntilTimeout  stm32f1xx_hal_i2c.o
    0x08002578   0x08002578   0x00000056   Code   RO         2157    i.I2C_WaitOnTXEFlagUntilTimeout  stm32f1xx_hal_i2c.o
    0x080025ce   0x080025ce   0x00000002   PAD
    0x080025d0   0x080025d0   0x00000120   Code   RO         6324    i.IRReceiver_IRQTimes_Parse  driver_ir_receiver.o
    0x080026f0   0x080026f0   0x000000b8   Code   RO         6325    i.IRReceiver_IRQ_Callback  driver_ir_receiver.o
    0x080027a8   0x080027a8   0x00000002   Code   RO         6326    i.IRReceiver_Init   driver_ir_receiver.o
    0x080027aa   0x080027aa   0x00000004   Code   RO         6037    i.LCD_Clear         driver_lcd.o
    0x080027ae   0x080027ae   0x00000002   PAD
    0x080027b0   0x080027b0   0x00000054   Code   RO         6636    i.LCD_Fill          gui.o
    0x08002804   0x08002804   0x00000004   Code   RO         6043    i.LCD_Init          driver_lcd.o
    0x08002808   0x08002808   0x00000004   Code   RO         6046    i.LCD_PrintString   driver_lcd.o
    0x0800280c   0x0800280c   0x00000024   Code   RO         6532    i.LCD_RESET         lcd.o
    0x08002830   0x08002830   0x00000058   Code   RO         6534    i.LCD_SetWindows    lcd.o
    0x08002888   0x08002888   0x00000024   Code   RO         6535    i.LCD_WR_DATA       lcd.o
    0x080028ac   0x080028ac   0x00000024   Code   RO         6536    i.LCD_WR_REG        lcd.o
    0x080028d0   0x080028d0   0x0000000c   Code   RO         6537    i.LCD_WriteRAM_Prepare  lcd.o
    0x080028dc   0x080028dc   0x00000012   Code   RO         6538    i.LCD_WriteReg      lcd.o
    0x080028ee   0x080028ee   0x00000002   PAD
    0x080028f0   0x080028f0   0x0000004c   Code   RO         6539    i.LCD_direction     lcd.o
    0x0800293c   0x0800293c   0x00000030   Code   RO         6540    i.Lcd_WriteData_16Bit  lcd.o
    0x0800296c   0x0800296c   0x00000050   Code   RO          414    i.MX_ADC1_Init      adc.o
    0x080029bc   0x080029bc   0x0000003c   Code   RO          231    i.MX_FREERTOS_Init  freertos.o
    0x080029f8   0x080029f8   0x00000128   Code   RO          205    i.MX_GPIO_Init      gpio.o
    0x08002b20   0x08002b20   0x00000040   Code   RO          456    i.MX_I2C1_Init      i2c.o
    0x08002b60   0x08002b60   0x00000044   Code   RO          498    i.MX_SPI2_Init      spi.o
    0x08002ba4   0x08002ba4   0x000000a0   Code   RO          541    i.MX_TIM1_Init      tim.o
    0x08002c44   0x08002c44   0x00000038   Code   RO          588    i.MX_USART1_UART_Init  usart.o
    0x08002c7c   0x08002c7c   0x00000002   Code   RO          632    i.MemManage_Handler  stm32f1xx_it.o
    0x08002c7e   0x08002c7e   0x00000002   Code   RO          633    i.NMI_Handler       stm32f1xx_it.o
    0x08002c80   0x08002c80   0x0000002a   Code   RO         5827    i.OLED_Clear        driver_oled.o
    0x08002caa   0x08002caa   0x00000002   PAD
    0x08002cac   0x08002cac   0x00000094   Code   RO         5833    i.OLED_Init         driver_oled.o
    0x08002d40   0x08002d40   0x00000032   Code   RO         5836    i.OLED_PrintString  driver_oled.o
    0x08002d72   0x08002d72   0x00000002   PAD
    0x08002d74   0x08002d74   0x00000048   Code   RO         5837    i.OLED_PutChar      driver_oled.o
    0x08002dbc   0x08002dbc   0x0000002c   Code   RO         5838    i.OLED_SetComConfig  driver_oled.o
    0x08002de8   0x08002de8   0x00000040   Code   RO         5839    i.OLED_SetPosition  driver_oled.o
    0x08002e28   0x08002e28   0x00000028   Code   RO         5841    i.OLED_WriteCmd     driver_oled.o
    0x08002e50   0x08002e50   0x00000020   Code   RO         5842    i.OLED_WriteNBytes  driver_oled.o
    0x08002e70   0x08002e70   0x00000010   Code   RO         6775    i.Pic_test          spi_lcd_test.o
    0x08002e80   0x08002e80   0x0000002c   Code   RO         6329    i.PutKeyToBuf       driver_ir_receiver.o
    0x08002eac   0x08002eac   0x00000014   Code   RO         6492    i.SPI_Init          my_spi.o
    0x08002ec0   0x08002ec0   0x00000014   Code   RO         6494    i.SPI_WriteByte     my_spi.o
    0x08002ed4   0x08002ed4   0x0000002c   Code   RO          232    i.StartDefaultTask  freertos.o
    0x08002f00   0x08002f00   0x0000002c   Code   RO         5748    i.SysTick_Handler   port.o
    0x08002f2c   0x08002f2c   0x00000072   Code   RO           15    i.SystemClock_Config  main.o
    0x08002f9e   0x08002f9e   0x00000002   Code   RO         4180    i.SystemInit        system_stm32f1xx.o
    0x08002fa0   0x08002fa0   0x0000000c   Code   RO          634    i.TIM1_BRK_IRQHandler  stm32f1xx_it.o
    0x08002fac   0x08002fac   0x0000000c   Code   RO          635    i.TIM1_CC_IRQHandler  stm32f1xx_it.o
    0x08002fb8   0x08002fb8   0x0000000c   Code   RO          636    i.TIM1_TRG_COM_IRQHandler  stm32f1xx_it.o
    0x08002fc4   0x08002fc4   0x0000000c   Code   RO          637    i.TIM1_UP_IRQHandler  stm32f1xx_it.o
    0x08002fd0   0x08002fd0   0x0000000c   Code   RO          638    i.TIM4_IRQHandler   stm32f1xx_it.o
    0x08002fdc   0x08002fdc   0x0000008c   Code   RO         2938    i.TIM_Base_SetConfig  stm32f1xx_hal_tim.o
    0x08003068   0x08003068   0x00000060   Code   RO         2951    i.TIM_OC1_SetConfig  stm32f1xx_hal_tim.o
    0x080030c8   0x080030c8   0x0000006c   Code   RO         2952    i.TIM_OC2_SetConfig  stm32f1xx_hal_tim.o
    0x08003134   0x08003134   0x00000068   Code   RO         2953    i.TIM_OC3_SetConfig  stm32f1xx_hal_tim.o
    0x0800319c   0x0800319c   0x00000050   Code   RO         2954    i.TIM_OC4_SetConfig  stm32f1xx_hal_tim.o
    0x080031ec   0x080031ec   0x00000010   Code   RO         3859    i.UART_DMAAbortOnError  stm32f1xx_hal_uart.o
    0x080031fc   0x080031fc   0x0000004e   Code   RO         3869    i.UART_EndRxTransfer  stm32f1xx_hal_uart.o
    0x0800324a   0x0800324a   0x000000c2   Code   RO         3871    i.UART_Receive_IT   stm32f1xx_hal_uart.o
    0x0800330c   0x0800330c   0x000000b8   Code   RO         3872    i.UART_SetConfig    stm32f1xx_hal_uart.o
    0x080033c4   0x080033c4   0x00000036   Code   RO         3874    i.UART_Start_Receive_IT  stm32f1xx_hal_uart.o
    0x080033fa   0x080033fa   0x00000002   PAD
    0x080033fc   0x080033fc   0x0000000c   Code   RO          639    i.USART1_IRQHandler  stm32f1xx_it.o
    0x08003408   0x08003408   0x00000002   Code   RO          640    i.UsageFault_Handler  stm32f1xx_it.o
    0x0800340a   0x0800340a   0x00000020   Code   RO         1597    i.__NVIC_SetPriority  stm32f1xx_hal_cortex.o
    0x0800342a   0x0800342a   0x0000002e   Code   RO           16    i.main              main.o
    0x08003458   0x08003458   0x00000038   Code   RO         5294    i.osKernelInitialize  cmsis_os2.o
    0x08003490   0x08003490   0x00000040   Code   RO         5297    i.osKernelStart     cmsis_os2.o
    0x080034d0   0x080034d0   0x000000a4   Code   RO         5331    i.osThreadNew       cmsis_os2.o
    0x08003574   0x08003574   0x0000005c   Code   RO         4776    i.prvAddCurrentTaskToDelayedList  tasks.o
    0x080035d0   0x080035d0   0x000000d0   Code   RO         4777    i.prvAddNewTaskToReadyList  tasks.o
    0x080036a0   0x080036a0   0x00000058   Code   RO         5126    i.prvCheckForValidListAndQueue  timers.o
    0x080036f8   0x080036f8   0x00000026   Code   RO         4382    i.prvCopyDataFromQueue  queue.o
    0x0800371e   0x0800371e   0x0000006c   Code   RO         4383    i.prvCopyDataToQueue  queue.o
    0x0800378a   0x0800378a   0x00000034   Code   RO         4778    i.prvDeleteTCB      tasks.o
    0x080037be   0x080037be   0x00000002   PAD
    0x080037c0   0x080037c0   0x0000004c   Code   RO         5698    i.prvHeapInit       heap_4.o
    0x0800380c   0x0800380c   0x00000060   Code   RO         4779    i.prvIdleTask       tasks.o
    0x0800386c   0x0800386c   0x00000022   Code   RO         4385    i.prvInitialiseNewQueue  queue.o
    0x0800388e   0x0800388e   0x0000009c   Code   RO         4780    i.prvInitialiseNewTask  tasks.o
    0x0800392a   0x0800392a   0x00000002   PAD
    0x0800392c   0x0800392c   0x0000004c   Code   RO         5699    i.prvInsertBlockIntoFreeList  heap_4.o
    0x08003978   0x08003978   0x00000038   Code   RO         5128    i.prvInsertTimerInActiveList  timers.o
    0x080039b0   0x080039b0   0x0000001c   Code   RO         4386    i.prvIsQueueEmpty   queue.o
    0x080039cc   0x080039cc   0x000000cc   Code   RO         5129    i.prvProcessReceivedCommands  timers.o
    0x08003a98   0x08003a98   0x000000b4   Code   RO         5130    i.prvProcessTimerOrBlockTask  timers.o
    0x08003b4c   0x08003b4c   0x00000020   Code   RO         4782    i.prvResetNextTaskUnblockTime  tasks.o
    0x08003b6c   0x08003b6c   0x00000028   Code   RO         5131    i.prvSampleTimeNow  timers.o
    0x08003b94   0x08003b94   0x0000006c   Code   RO         5132    i.prvSwitchTimerLists  timers.o
    0x08003c00   0x08003c00   0x00000028   Code   RO         5749    i.prvTaskExitError  port.o
    0x08003c28   0x08003c28   0x00000024   Code   RO         5133    i.prvTimerTask      timers.o
    0x08003c4c   0x08003c4c   0x0000006a   Code   RO         4387    i.prvUnlockQueue    queue.o
    0x08003cb6   0x08003cb6   0x00000002   PAD
    0x08003cb8   0x08003cb8   0x000000d8   Code   RO         5700    i.pvPortMalloc      heap_4.o
    0x08003d90   0x08003d90   0x00000024   Code   RO         5750    i.pxPortInitialiseStack  port.o
    0x08003db4   0x08003db4   0x00000058   Code   RO         6541    i.spi_LCD_Clear     lcd.o
    0x08003e0c   0x08003e0c   0x00000240   Code   RO         6542    i.spi_LCD_Init      lcd.o
    0x0800404c   0x0800404c   0x00000044   Code   RO         6004    i.system_get_ns     driver_timer.o
    0x08004090   0x08004090   0x00000026   Code   RO         4342    i.uxListRemove      list.o
    0x080040b6   0x080040b6   0x00000002   PAD
    0x080040b8   0x080040b8   0x00000014   Code   RO         5343    i.vApplicationGetIdleTaskMemory  cmsis_os2.o
    0x080040cc   0x080040cc   0x00000018   Code   RO         5344    i.vApplicationGetTimerTaskMemory  cmsis_os2.o
    0x080040e4   0x080040e4   0x00000016   Code   RO         4343    i.vListInitialise   list.o
    0x080040fa   0x080040fa   0x00000006   Code   RO         4344    i.vListInitialiseItem  list.o
    0x08004100   0x08004100   0x00000030   Code   RO         4345    i.vListInsert       list.o
    0x08004130   0x08004130   0x00000018   Code   RO         4346    i.vListInsertEnd    list.o
    0x08004148   0x08004148   0x00000040   Code   RO         5752    i.vPortEnterCritical  port.o
    0x08004188   0x08004188   0x00000028   Code   RO         5753    i.vPortExitCritical  port.o
    0x080041b0   0x080041b0   0x0000005c   Code   RO         5701    i.vPortFree         heap_4.o
    0x0800420c   0x0800420c   0x00000024   Code   RO         5754    i.vPortSetupTimerInterrupt  port.o
    0x08004230   0x08004230   0x00000054   Code   RO         5755    i.vPortValidateInterruptPriority  port.o
    0x08004284   0x08004284   0x00000028   Code   RO         4393    i.vQueueAddToRegistry  queue.o
    0x080042ac   0x080042ac   0x00000044   Code   RO         4397    i.vQueueWaitForMessageRestricted  queue.o
    0x080042f0   0x080042f0   0x0000004c   Code   RO         4794    i.vTaskDelay        tasks.o
    0x0800433c   0x0800433c   0x00000010   Code   RO         4799    i.vTaskInternalSetTimeOutState  tasks.o
    0x0800434c   0x0800434c   0x0000000c   Code   RO         4800    i.vTaskMissedYield  tasks.o
    0x08004358   0x08004358   0x00000030   Code   RO         4802    i.vTaskPlaceOnEventList  tasks.o
    0x08004388   0x08004388   0x00000038   Code   RO         4803    i.vTaskPlaceOnEventListRestricted  tasks.o
    0x080043c0   0x080043c0   0x00000088   Code   RO         4811    i.vTaskStartScheduler  tasks.o
    0x08004448   0x08004448   0x00000010   Code   RO         4813    i.vTaskSuspendAll   tasks.o
    0x08004458   0x08004458   0x00000064   Code   RO         4814    i.vTaskSwitchContext  tasks.o
    0x080044bc   0x080044bc   0x000000a8   Code   RO         5756    i.xPortStartScheduler  port.o
    0x08004564   0x08004564   0x00000066   Code   RO         4403    i.xQueueGenericCreateStatic  queue.o
    0x080045ca   0x080045ca   0x00000002   PAD
    0x080045cc   0x080045cc   0x00000088   Code   RO         4404    i.xQueueGenericReset  queue.o
    0x08004654   0x08004654   0x00000160   Code   RO         4405    i.xQueueGenericSend  queue.o
    0x080047b4   0x080047b4   0x000000bc   Code   RO         4406    i.xQueueGenericSendFromISR  queue.o
    0x08004870   0x08004870   0x00000138   Code   RO         4415    i.xQueueReceive     queue.o
    0x080049a8   0x080049a8   0x00000074   Code   RO         4815    i.xTaskCheckForTimeOut  tasks.o
    0x08004a1c   0x08004a1c   0x0000005a   Code   RO         4816    i.xTaskCreate       tasks.o
    0x08004a76   0x08004a76   0x00000056   Code   RO         4817    i.xTaskCreateStatic  tasks.o
    0x08004acc   0x08004acc   0x0000001c   Code   RO         4821    i.xTaskGetSchedulerState  tasks.o
    0x08004ae8   0x08004ae8   0x0000000c   Code   RO         4822    i.xTaskGetTickCount  tasks.o
    0x08004af4   0x08004af4   0x000000c8   Code   RO         4824    i.xTaskIncrementTick  tasks.o
    0x08004bbc   0x08004bbc   0x00000080   Code   RO         4827    i.xTaskPriorityDisinherit  tasks.o
    0x08004c3c   0x08004c3c   0x00000070   Code   RO         4829    i.xTaskRemoveFromEventList  tasks.o
    0x08004cac   0x08004cac   0x000000c4   Code   RO         4830    i.xTaskResumeAll    tasks.o
    0x08004d70   0x08004d70   0x00000060   Code   RO         5140    i.xTimerCreateTimerTask  timers.o
    0x08004dd0   0x08004dd0   0x00000068   Code   RO         5141    i.xTimerGenericCommand  timers.o
    0x08004e38   0x08004e38   0x00000024   Data   RO          237    .constdata          freertos.o
    0x08004e5c   0x08004e5c   0x00000012   Data   RO         1295    .constdata          stm32f1xx_hal_rcc.o
    0x08004e6e   0x08004e6e   0x00000010   Data   RO         4181    .constdata          system_stm32f1xx.o
    0x08004e7e   0x08004e7e   0x00000008   Data   RO         4182    .constdata          system_stm32f1xx.o
    0x08004e86   0x08004e86   0x00000800   Data   RO         5844    .constdata          driver_oled.o
    0x08005686   0x08005686   0x00000002   PAD
    0x08005688   0x08005688   0x00001910   Data   RO         6784    .constdata          spi_lcd_test.o
    0x08006f98   0x08006f98   0x0000000c   Data   RO          238    .conststring        freertos.o
    0x08006fa4   0x08006fa4   0x00000037   Data   RO         6785    .conststring        spi_lcd_test.o
    0x08006fdb   0x08006fdb   0x00000001   PAD
    0x08006fdc   0x08006fdc   0x00000020   Data   RO        12119    Region$$Table       anon$$obj.o


    Execution Region RW_IRAM1 (Exec base: 0x20000000, Load base: 0x08006ffc, Size: 0x00002510, Max: 0x00010000, ABSOLUTE)

    Exec Addr    Load Addr    Size         Type   Attr      Idx    E Section Name        Object

    0x20000000   0x08006ffc   0x00000004   Data   RW          239    .data               freertos.o
    0x20000004   0x08007000   0x0000000c   Data   RW         1132    .data               stm32f1xx_hal.o
    0x20000010   0x0800700c   0x00000004   Data   RW         4183    .data               system_stm32f1xx.o
    0x20000014   0x08007010   0x0000003c   Data   RW         4833    .data               tasks.o
    0x20000050   0x0800704c   0x00000014   Data   RW         5149    .data               timers.o
    0x20000064   0x08007060   0x00000004   Data   RW         5346    .data               cmsis_os2.o
    0x20000068   0x08007064   0x00000018   Data   RW         5706    .data               heap_4.o
    0x20000080   0x0800707c   0x0000000c   Data   RW         5757    .data               port.o
    0x2000008c   0x08007088   0x00000008   Data   RW         5845    .data               driver_oled.o
    0x20000094   0x08007090   0x00000004   Data   RW         6225    .data               blue_tooth.o
    0x20000098   0x08007094   0x00000018   Data   RW         6333    .data               driver_ir_receiver.o
    0x200000b0        -       0x00000030   Zero   RW          415    .bss                adc.o
    0x200000e0        -       0x00000054   Zero   RW          457    .bss                i2c.o
    0x20000134        -       0x00000058   Zero   RW          499    .bss                spi.o
    0x2000018c        -       0x00000048   Zero   RW          542    .bss                tim.o
    0x200001d4        -       0x00000048   Zero   RW          589    .bss                usart.o
    0x2000021c        -       0x00000048   Zero   RW          759    .bss                stm32f1xx_hal_timebase_tim.o
    0x20000264        -       0x00000040   Zero   RW         4419    .bss                queue.o
    0x200002a4        -       0x000004c4   Zero   RW         4832    .bss                tasks.o
    0x20000768        -       0x00000118   Zero   RW         5148    .bss                timers.o
    0x20000880        -       0x000006b8   Zero   RW         5345    .bss                cmsis_os2.o
    0x20000f38        -       0x00000c00   Zero   RW         5705    .bss                heap_4.o
    0x20001b38        -       0x000000c8   Zero   RW         6224    .bss                blue_tooth.o
    0x20001c00        -       0x000002a0   Zero   RW         6330    .bss                driver_ir_receiver.o
    0x20001ea0        -       0x0000000e   Zero   RW         6543    .bss                lcd.o
    0x20001eae   0x080070ac   0x00000002   PAD
    0x20001eb0        -       0x00000060   Zero   RW        11986    .bss                c_w.l(libspace.o)
    0x20001f10        -       0x00000200   Zero   RW            2    HEAP                startup_stm32f103xe.o
    0x20002110        -       0x00000400   Zero   RW            1    STACK               startup_stm32f103xe.o


==============================================================================

Image component sizes


      Code (inc. data)   RO Data    RW Data    ZI Data      Debug   Object Name

       168         20          0          0         48       1697   adc.o
        80         14          0          4        200       1319   blue_tooth.o
       328         26          0          4       1720      13632   cmsis_os2.o
       518         62          0         24        672       4012   driver_ir_receiver.o
        12          0          0          0          0        537   driver_irq.o
        12          0          0          0          0       1505   driver_lcd.o
       492         30       2048          8          0       8465   driver_oled.o
        68         10          0          0          0       1140   driver_timer.o
         0          0          0          0          0      17740   event_groups.o
       104         22         48          4          0      12969   freertos.o
       296         24          0          0          0       1067   gpio.o
       168         10          0          0          0       1487   gui.o
       460         24          0         24       3072       4739   heap_4.o
       176         30          0          0         84       1709   i2c.o
      1014         58          0          0         14       7904   lcd.o
       138          0          0          0          0       3462   list.o
       184          6          0          0          0     526180   main.o
        40          6          0          0          0       1315   my_spi.o
       662         70          0         12          0      10953   port.o
      1512         20          0          0         64      14588   queue.o
       164         22          0          0         88       1685   spi.o
        16          6       6471          0          0       1707   spi_lcd_test.o
        64         26        304          0       1536        824   startup_stm32f103xe.o
       100         18          0         12          0       5934   stm32f1xx_hal.o
       626         28          0          0          0       3404   stm32f1xx_hal_adc.o
       158         14          0          0          0      28238   stm32f1xx_hal_cortex.o
       374          8          0          0          0       1871   stm32f1xx_hal_dma.o
       538         48          0          0          0       3551   stm32f1xx_hal_gpio.o
      1870         48          0          0          0      11493   stm32f1xx_hal_i2c.o
        72         10          0          0          0        894   stm32f1xx_hal_msp.o
      1304         94         18          0          0       5821   stm32f1xx_hal_rcc.o
       236         12          0          0          0       1404   stm32f1xx_hal_rcc_ex.o
       178          0          0          0          0       1255   stm32f1xx_hal_spi.o
      1388         76          0          0          0      11803   stm32f1xx_hal_tim.o
       212         20          0          0          0       3249   stm32f1xx_hal_tim_ex.o
       152         20          0          0         72       1511   stm32f1xx_hal_timebase_tim.o
      1280         10          0          0          0       8988   stm32f1xx_hal_uart.o
        92         36          0          0          0       5804   stm32f1xx_it.o
         0          0          0          0          0       8904   stream_buffer.o
         2          0         24          4          0       1155   system_stm32f1xx.o
      2064        170          0         60       1220      23524   tasks.o
       344         30          0          0         72       2411   tim.o
       912         82          0         20        280      26163   timers.o
       184         20          0          0         72       1734   usart.o

    ----------------------------------------------------------------------
     18804       1230       8948        176       9216     799747   Object Totals
         0          0         32          0          0          0   (incl. Generated)
        42          0          3          0          2          0   (incl. Padding)

    ----------------------------------------------------------------------

      Code (inc. data)   RO Data    RW Data    ZI Data      Debug   Library Member Name

         8          0          0          0          0         68   __main.o
         0          0          0          0          0          0   __rtentry.o
        12          0          0          0          0          0   __rtentry2.o
         6          0          0          0          0          0   __rtentry4.o
        52          8          0          0          0          0   __scatter.o
        26          0          0          0          0          0   __scatter_copy.o
        28          0          0          0          0          0   __scatter_zi.o
        16          0          0          0          0         68   aeabi_memset.o
        18          0          0          0          0         80   exit.o
         6          0          0          0          0        152   heapauxi.o
         0          0          0          0          0          0   indicate_semi.o
         2          0          0          0          0          0   libinit.o
         2          0          0          0          0          0   libinit2.o
         2          0          0          0          0          0   libshutdown.o
         2          0          0          0          0          0   libshutdown2.o
         8          4          0          0         96         68   libspace.o
       238          0          0          0          0        100   lludivv7m.o
        68          0          0          0          0         68   rt_memclr.o
        78          0          0          0          0         80   rt_memclr_w.o
       138          0          0          0          0         68   rt_memcpy_v6.o
       100          0          0          0          0         80   rt_memcpy_w.o
         2          0          0          0          0          0   rtexit.o
        10          0          0          0          0          0   rtexit2.o
        12          4          0          0          0         68   sys_exit.o
        74          0          0          0          0         80   sys_stackheap_outer.o
         2          0          0          0          0         68   use_no_semi.o

    ----------------------------------------------------------------------
       916         16          0          0         96       1048   Library Totals
         6          0          0          0          0          0   (incl. Padding)

    ----------------------------------------------------------------------

      Code (inc. data)   RO Data    RW Data    ZI Data      Debug   Library Name

       910         16          0          0         96       1048   c_w.l

    ----------------------------------------------------------------------
       916         16          0          0         96       1048   Library Totals

    ----------------------------------------------------------------------

==============================================================================


      Code (inc. data)   RO Data    RW Data    ZI Data      Debug   

     19720       1246       8948        176       9312     790287   Grand Totals
     19720       1246       8948        176       9312     790287   ELF Image Totals
     19720       1246       8948        176          0          0   ROM Totals

==============================================================================

    Total RO  Size (Code + RO Data)                28668 (  28.00kB)
    Total RW  Size (RW Data + ZI Data)              9488 (   9.27kB)
    Total ROM Size (Code + RO Data + RW Data)      28844 (  28.17kB)

==============================================================================

